2026-07-21T10:10:49,949  WARN ScoringConfigGroup$ScoringParameterSet:1638 marginal utl of wait set to: -0.84. Setting this different from zero is discouraged since there is already the marginal utility of time as a resource. The parameter was also used in the past for pt routing; if you did that, consider setting the new parameter waitingPt instead.
2026-07-21T10:10:50,013  WARN XY2LinksForFacilities:51 There is no link for at least a facility. Assigning links for such facilities from coords.
2026-07-21T10:10:50,017  WARN XY2LinksForFacilities:52  This message given only once.
2026-07-21T10:10:50,116  WARN PrepareForSimImpl:269 'usePersonIdForMissingVehicleId' is deprecated. It will be removed soon. Use
2026-07-21T10:10:50,119  WARN PrepareForSimImpl:270 		config.qsim().setUsePersonIdForMissingVehicleId( false );
2026-07-21T10:10:50,122  WARN PrepareForSimImpl:271 in code, and 
2026-07-21T10:10:50,124  WARN PrepareForSimImpl:272 	<module name="qsim" >
2026-07-21T10:10:50,128  WARN PrepareForSimImpl:273 		<param name="usePersonIdForMissingVehicleId" value="false" />
2026-07-21T10:10:50,130  WARN PrepareForSimImpl:274 in the config xml.
2026-07-21T10:10:51,252  WARN QueueWithBuffer:515 Link 237059098_1_sidewalk too small: enlarge storage capacity from: 0.27775 Vehicles to: 2.8253834590384614 Vehicles.  This is not fatal, but modifies the traffic flow dynamics.
2026-07-21T10:10:51,257  WARN QueueWithBuffer:515 Link 9902762_1_sidewalk too small: enlarge storage capacity from: 2.6995486933333335 Vehicles to: 43.25767209076923 Vehicles.  This is not fatal, but modifies the traffic flow dynamics.
2026-07-21T10:10:51,263  WARN QueueWithBuffer:515 Link 73803813_1_sidewalk too small: enlarge storage capacity from: 5.797440253333334 Vehicles to: 92.8984055978846 Vehicles.  This is not fatal, but modifies the traffic flow dynamics.
2026-07-21T10:10:51,270  WARN QueueWithBuffer:515 Link 9905412_0_r_sidewalk too small: enlarge storage capacity from: 1.3395424533333333 Vehicles to: 21.46487979307692 Vehicles.  This is not fatal, but modifies the traffic flow dynamics.
2026-07-21T10:10:51,278  WARN QueueWithBuffer:515 Link 236805320_2L3_sidewalk too small: enlarge storage capacity from: 6.35116548 Vehicles to: 101.77131992711537 Vehicles.  This is not fatal, but modifies the traffic flow dynamics.
2026-07-21T10:10:51,282  WARN QueueWithBuffer:515 Link 237172233_0_sidewalk too small: enlarge storage capacity from: 6.341838840000001 Vehicles to: 101.62186948903846 Vehicles.  This is not fatal, but modifies the traffic flow dynamics.
2026-07-21T10:10:51,287  WARN QueueWithBuffer:515 Link 237784508_4_r_sidewalk too small: enlarge storage capacity from: 5.359066386666667 Vehicles to: 85.8738858978846 Vehicles.  This is not fatal, but modifies the traffic flow dynamics.
2026-07-21T10:10:51,290  WARN QueueWithBuffer:515 Link 9904814_7_rL1_sidewalk too small: enlarge storage capacity from: 5.408024080000001 Vehicles to: 86.65838585884615 Vehicles.  This is not fatal, but modifies the traffic flow dynamics.
2026-07-21T10:10:51,294  WARN QueueWithBuffer:515 Link 9903665_2_r_sidewalk too small: enlarge storage capacity from: 2.6288444533333335 Vehicles to: 42.12470462961538 Vehicles.  This is not fatal, but modifies the traffic flow dynamics.
2026-07-21T10:10:51,296  WARN QueueWithBuffer:515 Link 236796987_5_sidewalk too small: enlarge storage capacity from: 2.8883091600000004 Vehicles to: 46.28237706865385 Vehicles.  This is not fatal, but modifies the traffic flow dynamics.
2026-07-21T10:10:51,299  WARN QueueWithBuffer:515 Link 236799143_0_sidewalk too small: enlarge storage capacity from: 1.1398134800000002 Vehicles to: 18.2644150425 Vehicles.  This is not fatal, but modifies the traffic flow dynamics.
2026-07-21T10:10:51,302  WARN QueueWithBuffer:518 Additional warnings of this type are suppressed.
2026-07-21T10:10:51,754  WARN EditTrips:96 InternalInterface is null. Replanning of pt/transit legs will not work properly and will likely fail.
2026-07-21T10:10:51,756  WARN EditTrips:114 no TransitStopAgentTracker found in qsim. Replanning of pt/transit legs will not work properly and will likely fail.
2026-07-21T10:11:09,923 ERROR RLModeChoiceListener:317 COMMUNICATION NET: Default mode is asssigned for the agent (10047_1)

2026-07-21T10:11:24,703 ERROR AbstractController:225 Mobsim did not complete normally! afterMobsimListeners will be called anyway.
java.lang.ClassCastException: class java.lang.String cannot be cast to class java.util.List (java.lang.String and java.util.List are in module java.base of loader 'bootstrap')
	at org.matsim.rl.core.RLModeChoiceListener.computeRewardAndNextState(RLModeChoiceListener.java:472)
	at org.matsim.rl.core.RLModeChoiceListener.lambda$notifyMobsimAfterSimStep$3(RLModeChoiceListener.java:256)
	at java.base/java.util.stream.ForEachOps$ForEachOp$OfRef.accept(ForEachOps.java:186)
	at java.base/java.util.stream.ReferencePipeline$2$1.accept(ReferencePipeline.java:197)
	at java.base/java.util.stream.ReferencePipeline$2$1.accept(ReferencePipeline.java:197)
	at java.base/java.util.stream.ReferencePipeline$2$1.accept(ReferencePipeline.java:197)
	at java.base/java.util.Iterator.forEachRemaining(Iterator.java:133)
	at java.base/java.util.Spliterators$IteratorSpliterator.forEachRemaining(Spliterators.java:1939)
	at java.base/java.util.stream.AbstractPipeline.copyInto(AbstractPipeline.java:570)
	at java.base/java.util.stream.AbstractPipeline.wrapAndCopyInto(AbstractPipeline.java:560)
	at java.base/java.util.stream.ForEachOps$ForEachOp.evaluateSequential(ForEachOps.java:153)
	at java.base/java.util.stream.ForEachOps$ForEachOp$OfRef.evaluateSequential(ForEachOps.java:176)
	at java.base/java.util.stream.AbstractPipeline.evaluate(AbstractPipeline.java:265)
	at java.base/java.util.stream.ReferencePipeline.forEach(ReferencePipeline.java:632)
	at org.matsim.rl.core.RLModeChoiceListener.notifyMobsimAfterSimStep(RLModeChoiceListener.java:255)
	at org.matsim.core.mobsim.qsim.MobsimListenerManager.fireQueueSimulationAfterSimStepEvent(MobsimListenerManager.java:88)
	at org.matsim.core.mobsim.qsim.QSim.doSimStep(QSim.java:410)
	at org.matsim.core.mobsim.qsim.QSim.run(QSim.java:241)
	at org.matsim.core.controler.NewControler.runMobSim(NewControler.java:130)
	at org.matsim.core.controler.AbstractController$8.run(AbstractController.java:214)
	at org.matsim.core.controler.AbstractController.iterationStep(AbstractController.java:246)
	at org.matsim.core.controler.AbstractController.mobsim(AbstractController.java:210)
	at org.matsim.core.controler.AbstractController.iteration(AbstractController.java:157)
	at org.matsim.core.controler.AbstractController.doIterations(AbstractController.java:124)
	at org.matsim.core.controler.AbstractController$1.run(AbstractController.java:84)
	at org.matsim.core.controler.MatsimRuntimeModifications.run(MatsimRuntimeModifications.java:71)
	at org.matsim.core.controler.MatsimRuntimeModifications.run(MatsimRuntimeModifications.java:54)
	at org.matsim.core.controler.AbstractController.run(AbstractController.java:92)
	at org.matsim.core.controler.NewControler.run(NewControler.java:86)
	at org.matsim.core.controler.Controler.run(Controler.java:280)
	at org.matsim.rl.core.RunExternalModeChoice.main(RunExternalModeChoice.java:123)
2026-07-21T10:11:24,729  WARN CharyparNagelActivityScoring:274 The first and the last activity do not have the same type. 
2026-07-21T10:11:24,731  WARN CharyparNagelActivityScoring:275 Will score the first activity from midnight to its end, and the last activity from its start to midnight.
2026-07-21T10:11:24,733  WARN CharyparNagelActivityScoring:276 Because of the nonlinear function, this is not the same as scoring from start to end.
2026-07-21T10:11:24,737  WARN CharyparNagelActivityScoring:277 first activity: act [type=home][coord=[x=686395.3629999999 | y=4824429.8456]][linkId=42145829_4][startTime=undefined][endTime=08:00:00][duration=undefined][facilityId=5809_18]
2026-07-21T10:11:24,739  WARN CharyparNagelActivityScoring:278 last activity: act [type=work][coord=[x=682480.8057000004 | y=4824051.6094]][linkId=157789593_0][startTime=09:39:02][endTime=undefined][duration=undefined][facilityId=8188_10]
2026-07-21T10:11:24,741  WARN CharyparNagelActivityScoring:279 This may also happen when plans are not completed when the simulation ends.
2026-07-21T10:11:24,742  WARN CharyparNagelActivityScoring:281 Additional warnings of this type are suppressed.
2026-07-21T10:11:24,764 ERROR MatsimRuntimeModifications:77 Getting uncaught Exception in Thread main
java.lang.ClassCastException: class java.lang.String cannot be cast to class java.util.List (java.lang.String and java.util.List are in module java.base of loader 'bootstrap')
	at org.matsim.rl.core.RLModeChoiceListener.computeRewardAndNextState(RLModeChoiceListener.java:472)
	at org.matsim.rl.core.RLModeChoiceListener.lambda$notifyMobsimAfterSimStep$3(RLModeChoiceListener.java:256)
	at java.base/java.util.stream.ForEachOps$ForEachOp$OfRef.accept(ForEachOps.java:186)
	at java.base/java.util.stream.ReferencePipeline$2$1.accept(ReferencePipeline.java:197)
	at java.base/java.util.stream.ReferencePipeline$2$1.accept(ReferencePipeline.java:197)
	at java.base/java.util.stream.ReferencePipeline$2$1.accept(ReferencePipeline.java:197)
	at java.base/java.util.Iterator.forEachRemaining(Iterator.java:133)
	at java.base/java.util.Spliterators$IteratorSpliterator.forEachRemaining(Spliterators.java:1939)
	at java.base/java.util.stream.AbstractPipeline.copyInto(AbstractPipeline.java:570)
	at java.base/java.util.stream.AbstractPipeline.wrapAndCopyInto(AbstractPipeline.java:560)
	at java.base/java.util.stream.ForEachOps$ForEachOp.evaluateSequential(ForEachOps.java:153)
	at java.base/java.util.stream.ForEachOps$ForEachOp$OfRef.evaluateSequential(ForEachOps.java:176)
	at java.base/java.util.stream.AbstractPipeline.evaluate(AbstractPipeline.java:265)
	at java.base/java.util.stream.ReferencePipeline.forEach(ReferencePipeline.java:632)
	at org.matsim.rl.core.RLModeChoiceListener.notifyMobsimAfterSimStep(RLModeChoiceListener.java:255)
	at org.matsim.core.mobsim.qsim.MobsimListenerManager.fireQueueSimulationAfterSimStepEvent(MobsimListenerManager.java:88)
	at org.matsim.core.mobsim.qsim.QSim.doSimStep(QSim.java:410)
	at org.matsim.core.mobsim.qsim.QSim.run(QSim.java:241)
	at org.matsim.core.controler.NewControler.runMobSim(NewControler.java:130)
	at org.matsim.core.controler.AbstractController$8.run(AbstractController.java:214)
	at org.matsim.core.controler.AbstractController.iterationStep(AbstractController.java:246)
	at org.matsim.core.controler.AbstractController.mobsim(AbstractController.java:210)
	at org.matsim.core.controler.AbstractController.iteration(AbstractController.java:157)
	at org.matsim.core.controler.AbstractController.doIterations(AbstractController.java:124)
	at org.matsim.core.controler.AbstractController$1.run(AbstractController.java:84)
	at org.matsim.core.controler.MatsimRuntimeModifications.run(MatsimRuntimeModifications.java:71)
	at org.matsim.core.controler.MatsimRuntimeModifications.run(MatsimRuntimeModifications.java:54)
	at org.matsim.core.controler.AbstractController.run(AbstractController.java:92)
	at org.matsim.core.controler.NewControler.run(NewControler.java:86)
	at org.matsim.core.controler.Controler.run(Controler.java:280)
	at org.matsim.rl.core.RunExternalModeChoice.main(RunExternalModeChoice.java:123)
2026-07-21T10:11:24,768 ERROR MatsimRuntimeModifications:83 ERROR --- This is an unexpected shutdown!
2026-07-21T10:11:24,771 ERROR MatsimRuntimeModifications:86 Shutdown possibly caused by the following Exception:
java.lang.ClassCastException: class java.lang.String cannot be cast to class java.util.List (java.lang.String and java.util.List are in module java.base of loader 'bootstrap')
	at org.matsim.rl.core.RLModeChoiceListener.computeRewardAndNextState(RLModeChoiceListener.java:472)
	at org.matsim.rl.core.RLModeChoiceListener.lambda$notifyMobsimAfterSimStep$3(RLModeChoiceListener.java:256)
	at java.base/java.util.stream.ForEachOps$ForEachOp$OfRef.accept(ForEachOps.java:186)
	at java.base/java.util.stream.ReferencePipeline$2$1.accept(ReferencePipeline.java:197)
	at java.base/java.util.stream.ReferencePipeline$2$1.accept(ReferencePipeline.java:197)
	at java.base/java.util.stream.ReferencePipeline$2$1.accept(ReferencePipeline.java:197)
	at java.base/java.util.Iterator.forEachRemaining(Iterator.java:133)
	at java.base/java.util.Spliterators$IteratorSpliterator.forEachRemaining(Spliterators.java:1939)
	at java.base/java.util.stream.AbstractPipeline.copyInto(AbstractPipeline.java:570)
	at java.base/java.util.stream.AbstractPipeline.wrapAndCopyInto(AbstractPipeline.java:560)
	at java.base/java.util.stream.ForEachOps$ForEachOp.evaluateSequential(ForEachOps.java:153)
	at java.base/java.util.stream.ForEachOps$ForEachOp$OfRef.evaluateSequential(ForEachOps.java:176)
	at java.base/java.util.stream.AbstractPipeline.evaluate(AbstractPipeline.java:265)
	at java.base/java.util.stream.ReferencePipeline.forEach(ReferencePipeline.java:632)
	at org.matsim.rl.core.RLModeChoiceListener.notifyMobsimAfterSimStep(RLModeChoiceListener.java:255)
	at org.matsim.core.mobsim.qsim.MobsimListenerManager.fireQueueSimulationAfterSimStepEvent(MobsimListenerManager.java:88)
	at org.matsim.core.mobsim.qsim.QSim.doSimStep(QSim.java:410)
	at org.matsim.core.mobsim.qsim.QSim.run(QSim.java:241)
	at org.matsim.core.controler.NewControler.runMobSim(NewControler.java:130)
	at org.matsim.core.controler.AbstractController$8.run(AbstractController.java:214)
	at org.matsim.core.controler.AbstractController.iterationStep(AbstractController.java:246)
	at org.matsim.core.controler.AbstractController.mobsim(AbstractController.java:210)
	at org.matsim.core.controler.AbstractController.iteration(AbstractController.java:157)
	at org.matsim.core.controler.AbstractController.doIterations(AbstractController.java:124)
	at org.matsim.core.controler.AbstractController$1.run(AbstractController.java:84)
	at org.matsim.core.controler.MatsimRuntimeModifications.run(MatsimRuntimeModifications.java:71)
	at org.matsim.core.controler.MatsimRuntimeModifications.run(MatsimRuntimeModifications.java:54)
	at org.matsim.core.controler.AbstractController.run(AbstractController.java:92)
	at org.matsim.core.controler.NewControler.run(NewControler.java:86)
	at org.matsim.core.controler.Controler.run(Controler.java:280)
	at org.matsim.rl.core.RunExternalModeChoice.main(RunExternalModeChoice.java:123)
2026-07-21T10:11:25,014 ERROR MatsimRuntimeModifications:101 ERROR --- MATSim unexpectedly terminated. Please check the output or the logfile with warnings and errors for hints.
2026-07-21T10:11:25,016 ERROR MatsimRuntimeModifications:102 ERROR --- results should not be used for further analysis.
2026-07-21T10:11:25,019 ERROR MatsimRuntimeModifications:106 ERROR --- This was an unexpected shutdown! See the log file for a possible reason.
