2026-01-07T19:29:37,255  INFO Gbl:64 JVM: 25.0.1; Oracle Corporation; mixed mode, sharing; 64-bit
2026-01-07T19:29:37,259  INFO Gbl:68 OS: Windows 10; 10.0; amd64
2026-01-07T19:29:37,260  INFO Gbl:71 CPU cores: 4
2026-01-07T19:29:37,269  INFO Gbl:72 max. Memory: 2018.0MB (2116026368B)
2026-01-07T19:29:37,271  INFO Gbl:114 MATSim-Build: r36b4d48f26953ff502cbeeb3151e9136138970bb ({2025-12-01 02:41:52})
2026-01-07T19:29:37,271  INFO Gbl:76 Command: org.matsim.project.RunMatsim
2026-01-07T19:29:37,282  INFO MemoryObserver:43 used RAM: 41 MB  free: 42 MB  total: 84 MB  max: 2018 MB
2026-01-07T19:29:37,285  INFO ControllerListenerManagerImpl:121 calling notifyStartup on org.matsim.core.controler.ControlerDefaultsModule$1 with priority 0.0
2026-01-07T19:29:37,374  INFO ControllerListenerManagerImpl:121 calling notifyStartup on org.matsim.guice.DependencyGraphControllerListener with priority 0.0
2026-01-07T19:29:37,711  INFO ControllerListenerManagerImpl:121 calling notifyStartup on org.matsim.counts.CountsControllerListener with priority 0.0
2026-01-07T19:29:37,717  INFO ControllerListenerManagerImpl:121 calling notifyStartup on org.matsim.analysis.ModeChoiceCoverageControllerListener with priority 0.0
2026-01-07T19:29:37,719  INFO ControllerListenerManagerImpl:121 calling notifyStartup on org.matsim.analysis.ModeStatsControllerListener with priority 0.0
2026-01-07T19:29:37,722  INFO ControllerListenerManagerImpl:121 calling notifyStartup on org.matsim.analysis.ScoreStatsControlerListener with priority 0.0
2026-01-07T19:29:37,726  INFO ControllerListenerManagerImpl:124 all ControllerStartupListeners called.
2026-01-07T19:29:37,730  INFO ControllerUtils:99 config dump before iterations start
2026-01-07T19:29:37,824  INFO ControllerUtils:105 === logging config.xml skipped ===
2026-01-07T19:29:37,825  INFO ControllerUtils:106 To enable debug output, set an environment variable i.e. export LOG_LEVEL='debug', or set log.setLogLevel(Level.DEBUG) in your run class.
2026-01-07T19:29:37,827  INFO ControllerUtils:110 Complete config dump done.
2026-01-07T19:29:37,828  INFO ControllerUtils:111 Checking consistency of config...
2026-01-07T19:29:37,829  INFO ScoringConfigGroup$ScoringParameterSet:1622 NO OPENING OR CLOSING TIMES DEFINED!

There is no activity type that has an opening *and* closing time (or opening time and late penalty) defined.
This usually means that the activity chains can be shifted by an arbitrary
number of hours without having an effect on the score of the plans, and thus
resulting in wrong results / traffic patterns.
If you are using MATSim without time adaptation, you can ignore this warning.


2026-01-07T19:29:37,840  WARN ScoringConfigGroup$ScoringParameterSet:1630 marginal utl of wait set to: -0.84. Setting this different from zero is discouraged since there is already the marginal utility of time as a resource. The parameter was also used in the past for pt routing; if you did that, consider setting the new parameter waitingPt instead.
2026-01-07T19:29:37,843  INFO VspConfigConsistencyCheckerImpl:62 NOT running vsp config consistency check because vsp defaults checking level is set to IGNORE
2026-01-07T19:29:37,859  INFO ControllerUtils:113 Checking consistency of config done.
2026-01-07T19:29:37,862  INFO PrepareForSimImpl:129 Network seems to be multimodal. Create car-only network which is handed over to PersonPrepareForSim.
2026-01-07T19:29:37,872  INFO NetworkImpl:164  node # 1
2026-01-07T19:29:37,874  INFO NetworkImpl:164  node # 4
2026-01-07T19:29:37,875  INFO NetworkImpl:164  node # 16
2026-01-07T19:29:37,876  INFO NetworkImpl:164  node # 64
2026-01-07T19:29:37,879  INFO NetworkImpl:164  node # 256
2026-01-07T19:29:37,886  INFO NetworkImpl:164  node # 1024
2026-01-07T19:29:37,890  INFO NetworkImpl:160  link # 1
2026-01-07T19:29:37,891  INFO NetworkImpl:160  link # 4
2026-01-07T19:29:37,892  INFO NetworkImpl:160  link # 16
2026-01-07T19:29:37,894  INFO NetworkImpl:160  link # 64
2026-01-07T19:29:37,905  INFO NetworkImpl:160  link # 256
2026-01-07T19:29:37,923  INFO NetworkImpl:160  link # 1024
2026-01-07T19:29:37,972  WARN PrepareForSimImpl:269 'usePersonIdForMissingVehicleId' is deprecated. It will be removed soon. Use
2026-01-07T19:29:37,973  WARN PrepareForSimImpl:270 		config.qsim().setUsePersonIdForMissingVehicleId( false );
2026-01-07T19:29:37,974  WARN PrepareForSimImpl:271 in code, and 
2026-01-07T19:29:37,975  WARN PrepareForSimImpl:272 	<module name="qsim" >
2026-01-07T19:29:37,977  WARN PrepareForSimImpl:273 		<param name="usePersonIdForMissingVehicleId" value="false" />
2026-01-07T19:29:37,978  WARN PrepareForSimImpl:274 in the config xml.
2026-01-07T19:29:37,989  INFO Counter:70 [VehiclesImpl] added vehicle # 1
2026-01-07T19:29:37,991  INFO Counter:70 [VehiclesImpl] added vehicle # 2
2026-01-07T19:29:37,992  INFO Counter:70 [VehiclesImpl] added vehicle # 4
2026-01-07T19:29:37,993  INFO Counter:70 [VehiclesImpl] added vehicle # 8
2026-01-07T19:29:37,994  INFO Counter:70 [VehiclesImpl] added vehicle # 16
2026-01-07T19:29:37,997  INFO Counter:70 [VehiclesImpl] added vehicle # 32
2026-01-07T19:29:38,002  INFO Counter:70 [VehiclesImpl] added vehicle # 64
2026-01-07T19:29:38,004  INFO Counter:70 [VehiclesImpl] added vehicle # 128
2026-01-07T19:29:38,027  INFO NetworkImpl:164  node # 1
2026-01-07T19:29:38,030  INFO NetworkImpl:164  node # 4
2026-01-07T19:29:38,031  INFO NetworkImpl:164  node # 16
2026-01-07T19:29:38,033  INFO NetworkImpl:164  node # 64
2026-01-07T19:29:38,037  INFO NetworkImpl:164  node # 256
2026-01-07T19:29:38,039  INFO NetworkImpl:164  node # 1024
2026-01-07T19:29:38,041  INFO NetworkImpl:160  link # 1
2026-01-07T19:29:38,043  INFO NetworkImpl:160  link # 4
2026-01-07T19:29:38,045  INFO NetworkImpl:160  link # 16
2026-01-07T19:29:38,046  INFO NetworkImpl:160  link # 64
2026-01-07T19:29:38,054  INFO NetworkImpl:160  link # 256
2026-01-07T19:29:38,062  INFO NetworkImpl:160  link # 1024
2026-01-07T19:29:38,105  INFO NetworkRoutingProvider:155 Checking network for mode 'car' for consistency...
2026-01-07T19:29:38,127  INFO MultimodalNetworkCleaner:104 running org.matsim.core.network.algorithms.MultimodalNetworkCleaner algorithm for modes [car] with connectivity modes []...
2026-01-07T19:29:38,130  INFO MultimodalNetworkCleaner:108   checking 1810 nodes and 3359 links for dead-ends...
2026-01-07T19:29:38,207  INFO MultimodalNetworkCleaner:126     The biggest cluster consists of 3359 links.
2026-01-07T19:29:38,208  INFO MultimodalNetworkCleaner:127   done.
2026-01-07T19:29:38,214  INFO MultimodalNetworkCleaner:151   resulting network contains 1810 nodes and 3359 links.
2026-01-07T19:29:38,217  INFO MultimodalNetworkCleaner:153 done.
2026-01-07T19:29:38,239  WARN RandomizingTimeDistanceTravelDisutilityFactory:113 There will be no routing randomness for mode=car. The randomization of the travel disutility requires the monetary distance rate to be different than zero. Continuing anyway.
2026-01-07T19:29:38,240  WARN RandomizingTimeDistanceTravelDisutilityFactory:115 You can also set the width of the routing randomness to zero:
2026-01-07T19:29:38,241  WARN RandomizingTimeDistanceTravelDisutilityFactory:116 		config.routing().setRoutingRandomness( 0. );
2026-01-07T19:29:38,243  WARN RandomizingTimeDistanceTravelDisutilityFactory:117 in code, or
2026-01-07T19:29:38,245  WARN RandomizingTimeDistanceTravelDisutilityFactory:118 	<module name="routing" >
2026-01-07T19:29:38,247  WARN RandomizingTimeDistanceTravelDisutilityFactory:119 		<param name="routingRandomness" value="0." />
2026-01-07T19:29:38,266  WARN RandomizingTimeDistanceTravelDisutilityFactory:120 in the xml config
2026-01-07T19:29:38,275  INFO RandomizingTimeDistanceTravelDisutilityFactory:86  sigma: 3.0; resulting normalization: 0.011108996538242306
2026-01-07T19:29:38,307  INFO SpeedyALTData:51 find dead ends...
2026-01-07T19:29:38,318  INFO SpeedyALTData:132 calculate landmarks...
2026-01-07T19:29:38,460  INFO SpeedyALTData:173 calculate min travelcost...
2026-01-07T19:29:38,465  INFO NetworkImpl:164  node # 1
2026-01-07T19:29:38,465  INFO NetworkImpl:164  node # 4
2026-01-07T19:29:38,466  INFO NetworkImpl:164  node # 16
2026-01-07T19:29:38,467  INFO NetworkImpl:164  node # 64
2026-01-07T19:29:38,470  INFO NetworkImpl:164  node # 256
2026-01-07T19:29:38,473  INFO NetworkImpl:164  node # 1024
2026-01-07T19:29:38,474  INFO NetworkImpl:160  link # 1
2026-01-07T19:29:38,475  INFO NetworkImpl:160  link # 4
2026-01-07T19:29:38,477  INFO NetworkImpl:160  link # 16
2026-01-07T19:29:38,478  INFO NetworkImpl:160  link # 64
2026-01-07T19:29:38,480  INFO NetworkImpl:160  link # 256
2026-01-07T19:29:38,490  INFO NetworkImpl:160  link # 1024
2026-01-07T19:29:38,510  INFO NetworkRoutingProvider:155 Checking network for mode 'bike' for consistency...
2026-01-07T19:29:38,520  INFO MultimodalNetworkCleaner:104 running org.matsim.core.network.algorithms.MultimodalNetworkCleaner algorithm for modes [bike] with connectivity modes []...
2026-01-07T19:29:38,522  INFO MultimodalNetworkCleaner:108   checking 1810 nodes and 3359 links for dead-ends...
2026-01-07T19:29:38,575  INFO MultimodalNetworkCleaner:126     The biggest cluster consists of 3359 links.
2026-01-07T19:29:38,576  INFO MultimodalNetworkCleaner:127   done.
2026-01-07T19:29:38,581  INFO MultimodalNetworkCleaner:151   resulting network contains 1810 nodes and 3359 links.
2026-01-07T19:29:38,582  INFO MultimodalNetworkCleaner:153 done.
2026-01-07T19:29:38,589  INFO RandomizingTimeDistanceTravelDisutilityFactory:86  sigma: 3.0; resulting normalization: 0.011108996538242306
2026-01-07T19:29:38,608  INFO SpeedyALTData:51 find dead ends...
2026-01-07T19:29:38,610  INFO SpeedyALTData:132 calculate landmarks...
2026-01-07T19:29:38,662  INFO SpeedyALTData:173 calculate min travelcost...
2026-01-07T19:29:38,669  INFO RandomizingTimeDistanceTravelDisutilityFactory:86  sigma: 3.0; resulting normalization: 0.011108996538242306
2026-01-07T19:29:38,674  INFO RandomizingTimeDistanceTravelDisutilityFactory:86  sigma: 3.0; resulting normalization: 0.011108996538242306
2026-01-07T19:29:38,680  INFO RandomizingTimeDistanceTravelDisutilityFactory:86  sigma: 3.0; resulting normalization: 0.011108996538242306
2026-01-07T19:29:38,681  INFO RandomizingTimeDistanceTravelDisutilityFactory:86  sigma: 3.0; resulting normalization: 0.011108996538242306
2026-01-07T19:29:38,689  INFO RandomizingTimeDistanceTravelDisutilityFactory:86  sigma: 3.0; resulting normalization: 0.011108996538242306
2026-01-07T19:29:38,694  INFO RandomizingTimeDistanceTravelDisutilityFactory:86  sigma: 3.0; resulting normalization: 0.011108996538242306
2026-01-07T19:29:38,697  INFO RandomizingTimeDistanceTravelDisutilityFactory:86  sigma: 3.0; resulting normalization: 0.011108996538242306
2026-01-07T19:29:38,701  INFO RandomizingTimeDistanceTravelDisutilityFactory:86  sigma: 3.0; resulting normalization: 0.011108996538242306
2026-01-07T19:29:38,734  INFO NetworkImpl:418 building QuadTree for nodes: xrange(678125.237,687483.1438); yrange(4818749.2408,4832295.5857)
2026-01-07T19:29:38,755  INFO NetworkImpl:427 Building QuadTree took 0.029 seconds.
2026-01-07T19:29:38,782  INFO Counter:70 [PersonPrepareForSim] handled person # 2
2026-01-07T19:29:38,782  INFO Counter:70 [PersonPrepareForSim] handled person # 1
2026-01-07T19:29:38,789  INFO Counter:70 [PersonPrepareForSim] handled person # 4
2026-01-07T19:29:38,796  INFO Counter:70 [PersonPrepareForSim] handled person # 8
2026-01-07T19:29:38,820  INFO Counter:70 [PersonPrepareForSim] handled person # 16
2026-01-07T19:29:38,836  INFO Counter:70 [PersonPrepareForSim] handled person # 32
2026-01-07T19:29:38,848  INFO Counter:70 [PersonPrepareForSim] handled person # 64
2026-01-07T19:29:38,866  INFO Counter:75 [PersonPrepareForSim] handled person # 100
2026-01-07T19:29:38,872  INFO AbstractController:136 ###################################################
2026-01-07T19:29:38,873  INFO AbstractController:137 ### ITERATION 0 BEGINS
2026-01-07T19:29:38,880  INFO ControllerListenerManagerImpl:188 calling notifyIterationStarts on org.matsim.analysis.LegTimesControllerListener with priority 0.0
2026-01-07T19:29:38,881  INFO EventsManagerImpl:139 === Logging of event-handlers skipped ===
2026-01-07T19:29:38,882  INFO EventsManagerImpl:140 To enable debug output, set an environment variable i.e. export LOG_LEVEL='debug', or set log.setLogLevel(Level.DEBUG) in your run class.
2026-01-07T19:29:38,883  INFO EventsManagerImpl:210     > org.matsim.api.core.v01.events.PersonDepartureEvent
2026-01-07T19:29:38,886  INFO EventsManagerImpl:210     > org.matsim.api.core.v01.events.PersonArrivalEvent
2026-01-07T19:29:38,890  INFO EventsManagerImpl:210     > org.matsim.api.core.v01.events.ActivityEndEvent
2026-01-07T19:29:38,891  INFO EventsManagerImpl:210     > org.matsim.api.core.v01.events.ActivityStartEvent
2026-01-07T19:29:38,892  INFO EventsManagerImpl:139 === Logging of event-handlers skipped ===
2026-01-07T19:29:38,892  INFO EventsManagerImpl:140 To enable debug output, set an environment variable i.e. export LOG_LEVEL='debug', or set log.setLogLevel(Level.DEBUG) in your run class.
2026-01-07T19:29:38,893  INFO EventsManagerImpl:210     > org.matsim.api.core.v01.events.PersonDepartureEvent
2026-01-07T19:29:38,894  INFO EventsManagerImpl:210     > org.matsim.api.core.v01.events.PersonArrivalEvent
2026-01-07T19:29:38,895  INFO EventsManagerImpl:210     > org.matsim.api.core.v01.events.ActivityEndEvent
2026-01-07T19:29:38,896  INFO EventsManagerImpl:210     > org.matsim.api.core.v01.events.ActivityStartEvent
2026-01-07T19:29:38,896  INFO ControllerListenerManagerImpl:188 calling notifyIterationStarts on org.matsim.analysis.LegHistogramListener with priority 0.0
2026-01-07T19:29:38,898  INFO EventsManagerImpl:139 === Logging of event-handlers skipped ===
2026-01-07T19:29:38,898  INFO EventsManagerImpl:140 To enable debug output, set an environment variable i.e. export LOG_LEVEL='debug', or set log.setLogLevel(Level.DEBUG) in your run class.
2026-01-07T19:29:38,899  INFO EventsManagerImpl:210     > org.matsim.api.core.v01.events.PersonDepartureEvent
2026-01-07T19:29:38,903  INFO EventsManagerImpl:210     > org.matsim.api.core.v01.events.PersonArrivalEvent
2026-01-07T19:29:38,906  INFO EventsManagerImpl:210     > org.matsim.api.core.v01.events.PersonStuckEvent
2026-01-07T19:29:38,907  INFO EventsManagerImpl:139 === Logging of event-handlers skipped ===
2026-01-07T19:29:38,907  INFO EventsManagerImpl:140 To enable debug output, set an environment variable i.e. export LOG_LEVEL='debug', or set log.setLogLevel(Level.DEBUG) in your run class.
2026-01-07T19:29:38,908  INFO EventsManagerImpl:210     > org.matsim.api.core.v01.events.PersonDepartureEvent
2026-01-07T19:29:38,909  INFO EventsManagerImpl:210     > org.matsim.api.core.v01.events.PersonArrivalEvent
2026-01-07T19:29:38,909  INFO EventsManagerImpl:210     > org.matsim.api.core.v01.events.PersonStuckEvent
2026-01-07T19:29:38,910  INFO ControllerListenerManagerImpl:188 calling notifyIterationStarts on org.matsim.analysis.LinkStatsControllerListener with priority 0.0
2026-01-07T19:29:38,910  INFO ControllerListenerManagerImpl:188 calling notifyIterationStarts on org.matsim.core.replanning.ReplanningContextImpl with priority 0.0
2026-01-07T19:29:38,912  INFO ControllerListenerManagerImpl:188 calling notifyIterationStarts on org.matsim.core.scoring.ScoringFunctionsForPopulation$$Lambda/0x000000000c2b3948 with priority 0.0
2026-01-07T19:29:38,952  INFO ControllerListenerManagerImpl:188 calling notifyIterationStarts on org.matsim.core.scoring.ExperiencedPlansServiceImpl$1 with priority 0.0
2026-01-07T19:29:38,955  INFO ControllerListenerManagerImpl:191 [it.0] all ControllerIterationStartsListeners called.
2026-01-07T19:29:38,957  INFO ControllerListenerManagerImpl:293 calling notifyBeforeMobsim on org.matsim.core.controler.corelisteners.EventsHandlingImpl with priority 0.0
2026-01-07T19:29:38,958  INFO EventsManagerImpl:173 resetting Event-Handlers
2026-01-07T19:29:38,959  INFO EventsManagerImpl:180   org.matsim.core.trafficmonitoring.TravelTimeCalculator
2026-01-07T19:29:38,960  INFO EventsManagerImpl:180   org.matsim.analysis.VolumesAnalyzer
2026-01-07T19:29:38,960  INFO EventsManagerImpl:180   org.matsim.core.scoring.ScoringFunctionsForPopulation
2026-01-07T19:29:38,961  INFO EventsManagerImpl:180   org.matsim.analysis.CalcLegTimes
2026-01-07T19:29:38,962  INFO EventsManagerImpl:180   org.matsim.analysis.LegHistogram
2026-01-07T19:29:38,971  INFO EventsManagerImpl:139 === Logging of event-handlers skipped ===
2026-01-07T19:29:38,973  INFO EventsManagerImpl:140 To enable debug output, set an environment variable i.e. export LOG_LEVEL='debug', or set log.setLogLevel(Level.DEBUG) in your run class.
2026-01-07T19:29:38,974  INFO EventsManagerImpl:210     > org.matsim.api.core.v01.events.Event
2026-01-07T19:29:38,974  INFO EventsManagerImpl:139 === Logging of event-handlers skipped ===
2026-01-07T19:29:38,975  INFO EventsManagerImpl:140 To enable debug output, set an environment variable i.e. export LOG_LEVEL='debug', or set log.setLogLevel(Level.DEBUG) in your run class.
2026-01-07T19:29:38,975  INFO EventsManagerImpl:210     > org.matsim.api.core.v01.events.Event
2026-01-07T19:29:38,976  INFO ControllerListenerManagerImpl:293 calling notifyBeforeMobsim on org.matsim.core.controler.corelisteners.PlansDumpingImpl with priority 0.0
2026-01-07T19:29:38,976  INFO PlansDumpingImpl:78 dumping plans...
2026-01-07T19:29:39,061  INFO Counter:70 [PopulationWriter] dumped person # 1
2026-01-07T19:29:39,061  INFO Counter:70 [PopulationWriter] dumped person # 2
2026-01-07T19:29:39,062  INFO Counter:70 [PopulationWriter] dumped person # 4
2026-01-07T19:29:39,062  INFO Counter:70 [PopulationWriter] dumped person # 8
2026-01-07T19:29:39,063  INFO Counter:70 [PopulationWriter] dumped person # 16
2026-01-07T19:29:39,063  INFO Counter:70 [PopulationWriter] dumped person # 32
2026-01-07T19:29:39,064  INFO Counter:70 [PopulationWriter] dumped person # 64
2026-01-07T19:29:39,077  INFO Counter:70 [ParallelPopulationWriterV6] dumped person # 1
2026-01-07T19:29:39,078  INFO Counter:70 [ParallelPopulationWriterV6] dumped person # 2
2026-01-07T19:29:39,091  INFO Counter:70 [ParallelPopulationWriterV6] dumped person # 4
2026-01-07T19:29:39,093  INFO Counter:70 [ParallelPopulationWriterV6] dumped person # 8
2026-01-07T19:29:39,116  INFO Counter:70 [ParallelPopulationWriterV6] dumped person # 16
2026-01-07T19:29:39,126  INFO Counter:70 [ParallelPopulationWriterV6] dumped person # 32
2026-01-07T19:29:39,132  INFO Counter:70 [ParallelPopulationWriterV6] dumped person # 64
2026-01-07T19:29:39,133  INFO Counter:75 [ParallelPopulationWriterV6] dumped person # 100
2026-01-07T19:29:39,134  INFO PopulationWriter:150 Population written to: ./output/ITERS/it.0/0.plans.xml.gz
2026-01-07T19:29:39,137  INFO Counter:75 [PopulationWriter] dumped person # 100
2026-01-07T19:29:39,138  INFO PlansDumpingImpl:95 finished plans dump.
2026-01-07T19:29:39,140  INFO ControllerListenerManagerImpl:299 calling notifyBeforeMobsim on org.matsim.core.population.VspPlansCleaner with priority 0.0
2026-01-07T19:29:39,141  INFO ControllerListenerManagerImpl:302 [it.0] all ControlerBeforeMobsimListeners called.
2026-01-07T19:29:39,142  INFO PrepareForMobsimImpl:86 Network seems to be multimodal. Create car-only network which is handed over to PersonPrepareForSim.
2026-01-07T19:29:39,143  INFO NetworkImpl:164  node # 1
2026-01-07T19:29:39,143  INFO NetworkImpl:164  node # 4
2026-01-07T19:29:39,144  INFO NetworkImpl:164  node # 16
2026-01-07T19:29:39,144  INFO NetworkImpl:164  node # 64
2026-01-07T19:29:39,145  INFO NetworkImpl:164  node # 256
2026-01-07T19:29:39,146  INFO NetworkImpl:164  node # 1024
2026-01-07T19:29:39,147  INFO NetworkImpl:160  link # 1
2026-01-07T19:29:39,147  INFO NetworkImpl:160  link # 4
2026-01-07T19:29:39,148  INFO NetworkImpl:160  link # 16
2026-01-07T19:29:39,149  INFO NetworkImpl:160  link # 64
2026-01-07T19:29:39,150  INFO NetworkImpl:160  link # 256
2026-01-07T19:29:39,157  INFO NetworkImpl:160  link # 1024
2026-01-07T19:29:39,199  INFO Counter:70 [PersonPrepareForSim] handled person # 1
2026-01-07T19:29:39,199  INFO Counter:70 [PersonPrepareForSim] handled person # 2
2026-01-07T19:29:39,201  INFO Counter:70 [PersonPrepareForSim] handled person # 4
2026-01-07T19:29:39,202  INFO Counter:70 [PersonPrepareForSim] handled person # 8
2026-01-07T19:29:39,203  INFO Counter:70 [PersonPrepareForSim] handled person # 16
2026-01-07T19:29:39,205  INFO Counter:70 [PersonPrepareForSim] handled person # 32
2026-01-07T19:29:39,207  INFO Counter:70 [PersonPrepareForSim] handled person # 64
2026-01-07T19:29:39,210  INFO Counter:75 [PersonPrepareForSim] handled person # 100
2026-01-07T19:29:39,387  INFO MobsimListenerManager:50 calling addQueueSimulationListener
2026-01-07T19:29:39,388  INFO MobsimListenerManager:54   assigned class org.matsim.core.mobsim.framework.listeners.MobsimListener to interface org.matsim.vis.snapshotwriters.SnapshotWriterManager
2026-01-07T19:29:39,389  INFO MobsimListenerManager:54   assigned class org.matsim.core.mobsim.framework.listeners.MobsimListener to interface org.matsim.core.mobsim.framework.listeners.MobsimListener
2026-01-07T19:29:39,390  INFO MobsimListenerManager:54   assigned class org.matsim.core.mobsim.framework.listeners.MobsimListener to interface org.matsim.core.mobsim.framework.listeners.MobsimBeforeCleanupListener
2026-01-07T19:29:39,391  INFO MobsimListenerManager:54   assigned class org.matsim.core.mobsim.framework.listeners.MobsimListener to interface org.matsim.core.mobsim.framework.listeners.MobsimInitializedListener
2026-01-07T19:29:39,391  INFO MobsimListenerManager:54   assigned class org.matsim.core.mobsim.framework.listeners.MobsimListener to interface org.matsim.core.mobsim.framework.listeners.MobsimAfterSimStepListener
2026-01-07T19:29:39,431  INFO QSimProvider:131 Added MobsimEngine class org.matsim.core.mobsim.qsim.ActivityEngineDefaultImpl
2026-01-07T19:29:39,432  INFO QSimProvider:137 Added Activityhandler class org.matsim.core.mobsim.qsim.ActivityEngineDefaultImpl
2026-01-07T19:29:39,551  INFO QSimProvider:131 Added MobsimEngine class org.matsim.core.mobsim.qsim.qnetsimengine.QNetsimEngineWithThreadpool
2026-01-07T19:29:39,554  INFO QSimProvider:143 Added DepartureHandler class org.matsim.core.mobsim.qsim.qnetsimengine.NetworkModeDepartureHandlerDefaultImpl
2026-01-07T19:29:39,558  INFO QSimProvider:131 Added MobsimEngine class org.matsim.core.mobsim.qsim.DefaultTeleportationEngine
2026-01-07T19:29:39,560  INFO QSimProvider:143 Added DepartureHandler class org.matsim.core.mobsim.qsim.DefaultTeleportationEngine
2026-01-07T19:29:39,561  INFO QSimProvider:149 Added AgentSource class org.matsim.core.mobsim.qsim.agents.PopulationAgentSource
2026-01-07T19:29:39,562  INFO MobsimListenerManager:50 calling addQueueSimulationListener
2026-01-07T19:29:39,564  INFO MobsimListenerManager:54   assigned class org.matsim.core.mobsim.framework.listeners.MobsimListener to interface org.matsim.core.mobsim.framework.listeners.MobsimListener
2026-01-07T19:29:39,565  INFO MobsimListenerManager:54   assigned class org.matsim.core.mobsim.framework.listeners.MobsimListener to interface org.matsim.core.mobsim.framework.listeners.MobsimBeforeSimStepListener
2026-01-07T19:29:39,567  INFO MobsimListenerManager:54   assigned class org.matsim.core.mobsim.framework.listeners.MobsimListener to interface org.matsim.core.mobsim.qsim.messagequeueengine.MessageQueueEngine
2026-01-07T19:29:39,569  INFO QSimProvider:155 Added MobsimListener class org.matsim.core.mobsim.qsim.messagequeueengine.MessageQueueEngine
2026-01-07T19:29:39,598  INFO VehicleUtils:431 adding scenario element for allvehicles container
2026-01-07T19:29:39,614  INFO Counter:70 [VehiclesImpl] added vehicle # 1
2026-01-07T19:29:39,615  INFO Counter:70 [VehiclesImpl] added vehicle # 2
2026-01-07T19:29:39,616  INFO Counter:70 [VehiclesImpl] added vehicle # 4
2026-01-07T19:29:39,618  INFO Counter:70 [VehiclesImpl] added vehicle # 8
2026-01-07T19:29:39,656  INFO Counter:70 [VehiclesImpl] added vehicle # 16
2026-01-07T19:29:39,661  INFO Counter:70 [VehiclesImpl] added vehicle # 32
2026-01-07T19:29:39,663  INFO Counter:70 [VehiclesImpl] added vehicle # 64
2026-01-07T19:29:39,685  INFO PopulationUtils:1302 adding scenario element for allpersons container
2026-01-07T19:29:39,691  INFO PopulationImpl:111  person # 1
2026-01-07T19:29:39,693  INFO PopulationImpl:111  person # 4
2026-01-07T19:29:39,696  INFO PopulationImpl:111  person # 16
2026-01-07T19:29:39,716  INFO PopulationImpl:111  person # 64
2026-01-07T19:29:39,733  INFO AbstractQNetsimEngine:421 Assigned 1810 nodes and 3359 links to QSimEngineRunner #0
2026-01-07T19:29:39,744  INFO EventsManagerImpl:116  event # 1
2026-01-07T19:29:39,748  INFO EventsManagerImpl:116  event # 4
2026-01-07T19:29:39,751  INFO EventsManagerImpl:116  event # 16
2026-01-07T19:29:39,763  INFO EventsManagerImpl:116  event # 64
2026-01-07T19:29:39,788  INFO AbstractQNetsimEngine:359 SIMULATION (QNetsimEngine) AT 08:00:00 : #links=0 #nodes=0
2026-01-07T19:29:39,801  INFO QSim:551 SIMULATION (NEW QSim) AT 08:00:00 : #active agents=100 lost=0 simT=0.0s realT=0s; (s/r): 0.0
2026-01-07T19:29:39,832  INFO EventsManagerImpl:116  event # 256
2026-01-07T19:29:39,937  INFO EventsManagerImpl:116  event # 1024
2026-01-07T19:29:40,434  INFO AbstractQNetsimEngine:359 SIMULATION (QNetsimEngine) AT 09:00:00 : #links=0 #nodes=0
2026-01-07T19:29:40,435  INFO QSim:551 SIMULATION (NEW QSim) AT 09:00:00 : #active agents=100 lost=0 simT=3600.0s realT=1s; (s/r): 3600.0
2026-01-07T19:29:40,748  INFO AbstractQNetsimEngine:359 SIMULATION (QNetsimEngine) AT 10:00:00 : #links=0 #nodes=0
2026-01-07T19:29:40,749  INFO QSim:551 SIMULATION (NEW QSim) AT 10:00:00 : #active agents=100 lost=0 simT=7200.0s realT=1s; (s/r): 7200.0
2026-01-07T19:29:41,021  INFO AbstractQNetsimEngine:359 SIMULATION (QNetsimEngine) AT 11:00:00 : #links=0 #nodes=0
2026-01-07T19:29:41,022  INFO QSim:551 SIMULATION (NEW QSim) AT 11:00:00 : #active agents=100 lost=0 simT=10800.0s realT=1s; (s/r): 10800.0
2026-01-07T19:29:41,270  INFO AbstractQNetsimEngine:359 SIMULATION (QNetsimEngine) AT 12:00:00 : #links=0 #nodes=0
2026-01-07T19:29:41,284  INFO QSim:551 SIMULATION (NEW QSim) AT 12:00:00 : #active agents=100 lost=0 simT=14400.0s realT=1s; (s/r): 14400.0
2026-01-07T19:29:41,522  INFO AbstractQNetsimEngine:359 SIMULATION (QNetsimEngine) AT 13:00:00 : #links=0 #nodes=0
2026-01-07T19:29:41,522  INFO QSim:551 SIMULATION (NEW QSim) AT 13:00:00 : #active agents=100 lost=0 simT=18000.0s realT=2s; (s/r): 9000.0
2026-01-07T19:29:41,767  INFO AbstractQNetsimEngine:359 SIMULATION (QNetsimEngine) AT 14:00:00 : #links=0 #nodes=0
2026-01-07T19:29:41,767  INFO QSim:551 SIMULATION (NEW QSim) AT 14:00:00 : #active agents=100 lost=0 simT=21600.0s realT=2s; (s/r): 10800.0
2026-01-07T19:29:42,015  INFO AbstractQNetsimEngine:359 SIMULATION (QNetsimEngine) AT 15:00:00 : #links=0 #nodes=0
2026-01-07T19:29:42,016  INFO QSim:551 SIMULATION (NEW QSim) AT 15:00:00 : #active agents=100 lost=0 simT=25200.0s realT=2s; (s/r): 12600.0
2026-01-07T19:29:42,268  INFO AbstractQNetsimEngine:359 SIMULATION (QNetsimEngine) AT 16:00:00 : #links=0 #nodes=0
2026-01-07T19:29:42,268  INFO QSim:551 SIMULATION (NEW QSim) AT 16:00:00 : #active agents=100 lost=0 simT=28800.0s realT=2s; (s/r): 14400.0
2026-01-07T19:29:42,545  INFO EventsManagerImpl:116  event # 4096
2026-01-07T19:29:42,547  INFO AbstractQNetsimEngine:359 SIMULATION (QNetsimEngine) AT 17:00:00 : #links=0 #nodes=0
2026-01-07T19:29:42,549  INFO QSim:551 SIMULATION (NEW QSim) AT 17:00:00 : #active agents=100 lost=0 simT=32400.0s realT=3s; (s/r): 10800.0
2026-01-07T19:29:42,578  INFO NetworkModeDepartureHandlerDefaultImpl:109 teleport vehicle agent_3_bike from link 42145829_4 to link 238011045_1
2026-01-07T19:29:42,704  INFO Gbl:196 Thread performance: Thread=class org.matsim.core.events.SimStepParallelEventsManagerImpl$ProcessEventsRunnable0  cpu-time=0.609375sec
2026-01-07T19:29:42,704  INFO AbstractController$9:237 ### ITERATION 0 fires after mobsim event
2026-01-07T19:29:42,706  INFO ControllerListenerManagerImpl:324 calling notifyAfterMobsim on org.matsim.analysis.LegTimesControllerListener with priority 0.0
2026-01-07T19:29:42,710  INFO LegTimesControllerListener:73 [0] average leg duration is: 206 seconds = 00:03:26
2026-01-07T19:29:42,710  INFO ControllerListenerManagerImpl:324 calling notifyAfterMobsim on org.matsim.core.events.MobsimScopeEventHandling with priority 0.0
2026-01-07T19:29:42,713  INFO ControllerListenerManagerImpl:324 calling notifyAfterMobsim on org.matsim.core.scoring.EventsToActivities$1 with priority 0.0
2026-01-07T19:29:42,717  INFO ControllerListenerManagerImpl:327 [it.0] all ControllerAfterMobsimListeners called.
2026-01-07T19:29:42,718  INFO AbstractController$4:162 ### ITERATION 0 fires scoring event
2026-01-07T19:29:42,720  INFO ControllerListenerManagerImpl:238 calling notifyScoring on org.matsim.core.scoring.PlansScoringImpl with priority 0.0
2026-01-07T19:29:42,723  INFO NewScoreAssignerImpl:60 it: 0 msaStart: null
2026-01-07T19:29:42,725  INFO ControllerListenerManagerImpl:250 [it.0] all ControllerScoringListeners called.
2026-01-07T19:29:42,727  INFO AbstractController$5:170 ### ITERATION 0 fires iteration end event
2026-01-07T19:29:42,728  INFO ControllerListenerManagerImpl:209 calling notifyIterationEnds on org.matsim.core.controler.corelisteners.EventsHandlingImpl with priority 0.0
2026-01-07T19:29:42,731  INFO EventsManagerImpl:164 removing Event-Handler: org.matsim.core.events.algorithms.EventWriterXML
2026-01-07T19:29:42,732  INFO EventsManagerImpl:164 removing Event-Handler: org.matsim.core.events.algorithms.EventWriterXML
2026-01-07T19:29:42,733  INFO ControllerListenerManagerImpl:209 calling notifyIterationEnds on org.matsim.core.scoring.PlansScoringImpl with priority 0.0
2026-01-07T19:29:42,734  INFO PopulationImpl:111  person # 1
2026-01-07T19:29:42,735  INFO PopulationImpl:111  person # 4
2026-01-07T19:29:42,735  INFO PopulationImpl:111  person # 16
2026-01-07T19:29:42,736  INFO PopulationImpl:111  person # 64
2026-01-07T19:29:42,739  INFO Counter:70 [PopulationWriter] dumped person # 1
2026-01-07T19:29:42,740  WARN ObjectAttributesConverter:96 No AttributeConverter found for class org.matsim.api.core.v01.Id$IdImpl. Not all attribute values can be converted.
2026-01-07T19:29:42,741  INFO Counter:70 [PopulationWriter] dumped person # 2
2026-01-07T19:29:42,741  WARN ObjectAttributesConverter:96 No AttributeConverter found for class org.matsim.api.core.v01.Id$IdImpl. Not all attribute values can be converted.
2026-01-07T19:29:42,742  INFO Counter:70 [PopulationWriter] dumped person # 4
2026-01-07T19:29:42,742  INFO Counter:70 [ParallelPopulationWriterV6] dumped person # 1
2026-01-07T19:29:42,744  INFO Counter:70 [PopulationWriter] dumped person # 8
2026-01-07T19:29:42,744  INFO Counter:70 [ParallelPopulationWriterV6] dumped person # 2
2026-01-07T19:29:42,749  INFO Counter:70 [ParallelPopulationWriterV6] dumped person # 4
2026-01-07T19:29:42,749  INFO Counter:70 [PopulationWriter] dumped person # 16
2026-01-07T19:29:42,750  INFO Counter:70 [PopulationWriter] dumped person # 32
2026-01-07T19:29:42,750  INFO Counter:70 [ParallelPopulationWriterV6] dumped person # 8
2026-01-07T19:29:42,757  INFO Counter:70 [ParallelPopulationWriterV6] dumped person # 16
2026-01-07T19:29:42,755  INFO Counter:70 [PopulationWriter] dumped person # 64
2026-01-07T19:29:42,762  INFO Counter:70 [ParallelPopulationWriterV6] dumped person # 32
2026-01-07T19:29:42,771  INFO Counter:70 [ParallelPopulationWriterV6] dumped person # 64
2026-01-07T19:29:42,776  INFO Counter:75 [ParallelPopulationWriterV6] dumped person # 100
2026-01-07T19:29:42,776  INFO PopulationWriter:150 Population written to: ./output/ITERS/it.0/0.experienced_plans.xml.gz
2026-01-07T19:29:42,784  INFO Counter:75 [PopulationWriter] dumped person # 100
2026-01-07T19:29:42,797  INFO ControllerListenerManagerImpl:217 calling notifyIterationEnds on org.matsim.counts.CountsControllerListener with priority 0.0
2026-01-07T19:29:42,799  INFO ControllerListenerManagerImpl:217 calling notifyIterationEnds on org.matsim.analysis.ModeChoiceCoverageControllerListener with priority 0.0
2026-01-07T19:29:42,816  INFO ModeChoiceCoverageControllerListener:144 -- mode choice coverage (1x) of mode bike = 0.34
2026-01-07T19:29:42,818  INFO ModeChoiceCoverageControllerListener:144 -- mode choice coverage (1x) of mode car = 0.305
2026-01-07T19:29:42,819  INFO ModeChoiceCoverageControllerListener:144 -- mode choice coverage (1x) of mode walk = 0.355
2026-01-07T19:29:42,820  INFO ModeChoiceCoverageControllerListener:144 -- mode choice coverage (5x) of mode bike = 0.0
2026-01-07T19:29:42,821  INFO ModeChoiceCoverageControllerListener:144 -- mode choice coverage (5x) of mode car = 0.0
2026-01-07T19:29:42,826  INFO ModeChoiceCoverageControllerListener:144 -- mode choice coverage (5x) of mode walk = 0.0
2026-01-07T19:29:42,828  INFO ModeChoiceCoverageControllerListener:144 -- mode choice coverage (10x) of mode bike = 0.0
2026-01-07T19:29:42,829  INFO ModeChoiceCoverageControllerListener:144 -- mode choice coverage (10x) of mode car = 0.0
2026-01-07T19:29:42,830  INFO ModeChoiceCoverageControllerListener:144 -- mode choice coverage (10x) of mode walk = 0.0
2026-01-07T19:29:42,833  INFO ControllerListenerManagerImpl:217 calling notifyIterationEnds on org.matsim.analysis.ModeStatsControllerListener with priority 0.0
2026-01-07T19:29:42,839  INFO ModeStatsControllerListener:132 Mode shares over all 200.0 trips found. MainModeIdentifier: class org.matsim.core.router.DefaultAnalysisMainModeIdentifier
2026-01-07T19:29:42,844  INFO ModeStatsControllerListener:139 -- mode share of mode bike = 0.34
2026-01-07T19:29:42,849  INFO ModeStatsControllerListener:139 -- mode share of mode car = 0.305
2026-01-07T19:29:42,850  INFO ModeStatsControllerListener:139 -- mode share of mode walk = 0.355
2026-01-07T19:29:42,852  INFO ControllerListenerManagerImpl:217 calling notifyIterationEnds on org.matsim.analysis.ScoreStatsControlerListener with priority 0.0
2026-01-07T19:29:42,855  INFO ScoreStatsControlerListener:154 -- avg. score of the executed plan of each agent: 545.3020335345683
2026-01-07T19:29:42,857  INFO ScoreStatsControlerListener:155 -- avg. score of the worst plan of each agent: 545.3020335345683
2026-01-07T19:29:42,858  INFO ScoreStatsControlerListener:156 -- avg. of the avg. plan score per agent: 545.3020335345683
2026-01-07T19:29:42,859  INFO ScoreStatsControlerListener:157 -- avg. score of the best plan of each agent: 545.3020335345683
2026-01-07T19:29:42,864  INFO ControllerListenerManagerImpl:217 calling notifyIterationEnds on org.matsim.analysis.IterationTravelStatsControllerListener with priority 0.0
2026-01-07T19:29:42,896  INFO TravelDistanceStats:115 -- average leg distance per plan (executed plans only): 1108.6633239208966 meters
2026-01-07T19:29:42,901  INFO TravelDistanceStats:116 average leg distance per Person (executed plans only): 5077.678023557706 meters (statistic on all 458 legs which have a finite distance)
2026-01-07T19:29:42,902  INFO TravelDistanceStats:117 -- average trip distance per plan (executed plans only): 2538.839011778853 meters
2026-01-07T19:29:42,903  INFO TravelDistanceStats:118 average trip distance per Person (executed plans only): 5077.678023557706 meters (statistic on all 200 trips which have a finite distance)
2026-01-07T19:29:42,904  INFO TravelDistanceStats:119 (TravelDistanceStats takes an average over all legs where the simulation reports travelled (network) distances
2026-01-07T19:29:42,906  INFO TravelDistanceStats:120 (and teleported legs whose route contains a distance.)
2026-01-07T19:29:43,220  INFO ActivityWriter:39 Writing all Activities to activitiescsv
2026-01-07T19:29:43,243  INFO ActivityWriter:59 ...done
2026-01-07T19:29:43,247  INFO ControllerListenerManagerImpl:217 calling notifyIterationEnds on org.matsim.analysis.LegTimesControllerListener with priority 0.0
2026-01-07T19:29:43,251  INFO EventsManagerImpl:164 removing Event-Handler: org.matsim.analysis.CalcLegTimes
2026-01-07T19:29:43,319  INFO EventsManagerImpl:164 removing Event-Handler: org.matsim.analysis.CalcLegTimes
2026-01-07T19:29:43,377  INFO ControllerListenerManagerImpl:217 calling notifyIterationEnds on org.matsim.analysis.LegHistogramListener with priority 0.0
2026-01-07T19:29:43,448  INFO LegHistogramListener:79 number of legs:	458	100%
2026-01-07T19:29:43,513  INFO LegHistogramListener:86 number of bike legs:	68	14.847161572052402%
2026-01-07T19:29:43,534  INFO LegHistogramListener:86 number of car legs:	61	13.318777292576419%
2026-01-07T19:29:43,557  INFO LegHistogramListener:86 number of walk legs:	329	71.83406113537117%
2026-01-07T19:29:46,495  INFO EventsManagerImpl:164 removing Event-Handler: org.matsim.analysis.LegHistogram
2026-01-07T19:29:46,497  INFO EventsManagerImpl:164 removing Event-Handler: org.matsim.analysis.LegHistogram
2026-01-07T19:29:46,498  INFO ControllerListenerManagerImpl:217 calling notifyIterationEnds on org.matsim.analysis.LinkStatsControllerListener with priority 0.0
2026-01-07T19:29:46,499  INFO ControllerListenerManagerImpl:221 [it.0] all ControllerIterationEndsListeners called.
2026-01-07T19:29:46,700  INFO AbstractController:184 ### ITERATION 0 ENDS
2026-01-07T19:29:46,702  INFO AbstractController:185 ###################################################
2026-01-07T19:29:46,703  INFO AbstractController:136 ###################################################
2026-01-07T19:29:46,703  INFO AbstractController:137 ### ITERATION 1 BEGINS
2026-01-07T19:29:46,705  INFO ControllerListenerManagerImpl:188 calling notifyIterationStarts on org.matsim.analysis.LegTimesControllerListener with priority 0.0
2026-01-07T19:29:46,707  INFO EventsManagerImpl:139 === Logging of event-handlers skipped ===
2026-01-07T19:29:46,708  INFO EventsManagerImpl:140 To enable debug output, set an environment variable i.e. export LOG_LEVEL='debug', or set log.setLogLevel(Level.DEBUG) in your run class.
2026-01-07T19:29:46,710  INFO EventsManagerImpl:210     > org.matsim.api.core.v01.events.PersonDepartureEvent
2026-01-07T19:29:46,714  INFO EventsManagerImpl:210     > org.matsim.api.core.v01.events.PersonArrivalEvent
2026-01-07T19:29:46,716  INFO EventsManagerImpl:210     > org.matsim.api.core.v01.events.ActivityEndEvent
2026-01-07T19:29:46,716  INFO EventsManagerImpl:210     > org.matsim.api.core.v01.events.ActivityStartEvent
2026-01-07T19:29:46,717  INFO EventsManagerImpl:139 === Logging of event-handlers skipped ===
2026-01-07T19:29:46,717  INFO EventsManagerImpl:140 To enable debug output, set an environment variable i.e. export LOG_LEVEL='debug', or set log.setLogLevel(Level.DEBUG) in your run class.
2026-01-07T19:29:46,718  INFO EventsManagerImpl:210     > org.matsim.api.core.v01.events.PersonDepartureEvent
2026-01-07T19:29:46,718  INFO EventsManagerImpl:210     > org.matsim.api.core.v01.events.PersonArrivalEvent
2026-01-07T19:29:46,719  INFO EventsManagerImpl:210     > org.matsim.api.core.v01.events.ActivityEndEvent
2026-01-07T19:29:46,719  INFO EventsManagerImpl:210     > org.matsim.api.core.v01.events.ActivityStartEvent
2026-01-07T19:29:46,726  INFO ControllerListenerManagerImpl:188 calling notifyIterationStarts on org.matsim.analysis.LegHistogramListener with priority 0.0
2026-01-07T19:29:46,727  INFO EventsManagerImpl:139 === Logging of event-handlers skipped ===
2026-01-07T19:29:46,727  INFO EventsManagerImpl:140 To enable debug output, set an environment variable i.e. export LOG_LEVEL='debug', or set log.setLogLevel(Level.DEBUG) in your run class.
2026-01-07T19:29:46,728  INFO EventsManagerImpl:210     > org.matsim.api.core.v01.events.PersonDepartureEvent
2026-01-07T19:29:46,729  INFO EventsManagerImpl:210     > org.matsim.api.core.v01.events.PersonArrivalEvent
2026-01-07T19:29:46,730  INFO EventsManagerImpl:210     > org.matsim.api.core.v01.events.PersonStuckEvent
2026-01-07T19:29:46,731  INFO EventsManagerImpl:139 === Logging of event-handlers skipped ===
2026-01-07T19:29:46,732  INFO EventsManagerImpl:140 To enable debug output, set an environment variable i.e. export LOG_LEVEL='debug', or set log.setLogLevel(Level.DEBUG) in your run class.
2026-01-07T19:29:46,734  INFO EventsManagerImpl:210     > org.matsim.api.core.v01.events.PersonDepartureEvent
2026-01-07T19:29:46,735  INFO EventsManagerImpl:210     > org.matsim.api.core.v01.events.PersonArrivalEvent
2026-01-07T19:29:46,744  INFO EventsManagerImpl:210     > org.matsim.api.core.v01.events.PersonStuckEvent
2026-01-07T19:29:46,745  INFO ControllerListenerManagerImpl:188 calling notifyIterationStarts on org.matsim.analysis.LinkStatsControllerListener with priority 0.0
2026-01-07T19:29:46,746  INFO ControllerListenerManagerImpl:188 calling notifyIterationStarts on org.matsim.core.replanning.ReplanningContextImpl with priority 0.0
2026-01-07T19:29:46,748  INFO ControllerListenerManagerImpl:188 calling notifyIterationStarts on org.matsim.core.scoring.ScoringFunctionsForPopulation$$Lambda/0x000000000c2b3948 with priority 0.0
2026-01-07T19:29:46,750  INFO ControllerListenerManagerImpl:188 calling notifyIterationStarts on org.matsim.core.scoring.ExperiencedPlansServiceImpl$1 with priority 0.0
2026-01-07T19:29:46,751  INFO ControllerListenerManagerImpl:191 [it.1] all ControllerIterationStartsListeners called.
2026-01-07T19:29:46,755  INFO ControllerListenerManagerImpl:267 calling notifyReplanning on org.matsim.core.controler.corelisteners.PlansReplanningImpl with priority 0.0
2026-01-07T19:29:46,808  WARN ExpBetaPlanChanger:102 Would make sense to revise this once more.  See comments in code.  kai, nov08
2026-01-07T19:29:46,842  INFO GenericPlanStrategyImpl:135 Plan-Strategy finished, 81 plans handled. Strategy: ExpBetaPlanChanger
2026-01-07T19:29:46,843  INFO AbstractMultithreadedModule:142 [PlanRouter] starting 8 threads, handling 5 plans
2026-01-07T19:29:46,847  INFO Counter:70 [PlanRouter] handled plan # 1
2026-01-07T19:29:46,850  INFO Counter:70 [PlanRouter] handled plan # 2
2026-01-07T19:29:46,852  INFO Counter:70 [PlanRouter] handled plan # 4
2026-01-07T19:29:46,855  INFO AbstractMultithreadedModule:157 [PlanRouter] all 8 threads finished.
2026-01-07T19:29:46,858  INFO GenericPlanStrategyImpl:135 Plan-Strategy finished, 5 plans handled. Strategy: RandomPlanSelector_ReRoute
2026-01-07T19:29:46,859  INFO AbstractMultithreadedModule:142 [ChooseRandomLegModeForSubtour] starting 8 threads, handling 14 plans
2026-01-07T19:29:46,863  INFO Counter:70 [ChooseRandomLegModeForSubtour] handled plan # 1
2026-01-07T19:29:46,863  INFO Counter:70 [ChooseRandomLegModeForSubtour] handled plan # 2
2026-01-07T19:29:46,864  INFO Counter:70 [ChooseRandomLegModeForSubtour] handled plan # 4
2026-01-07T19:29:46,865  INFO Counter:70 [ChooseRandomLegModeForSubtour] handled plan # 8
2026-01-07T19:29:46,874  INFO AbstractMultithreadedModule:157 [ChooseRandomLegModeForSubtour] all 8 threads finished.
2026-01-07T19:29:46,878  INFO AbstractMultithreadedModule:142 [PlanRouter] starting 8 threads, handling 14 plans
2026-01-07T19:29:46,881  INFO Counter:70 [PlanRouter] handled plan # 2
2026-01-07T19:29:46,881  INFO Counter:70 [PlanRouter] handled plan # 1
2026-01-07T19:29:46,882  INFO Counter:70 [PlanRouter] handled plan # 4
2026-01-07T19:29:46,885  INFO Counter:70 [PlanRouter] handled plan # 8
2026-01-07T19:29:46,896  INFO AbstractMultithreadedModule:157 [PlanRouter] all 8 threads finished.
2026-01-07T19:29:46,896  INFO GenericPlanStrategyImpl:135 Plan-Strategy finished, 14 plans handled. Strategy: RandomPlanSelector_SubtourModeChoice_ReRoute
2026-01-07T19:29:46,898  INFO ControllerListenerManagerImpl:276 [it.1] all ControllerReplanningListeners called.
2026-01-07T19:29:46,899  INFO ControllerListenerManagerImpl:293 calling notifyBeforeMobsim on org.matsim.core.controler.corelisteners.EventsHandlingImpl with priority 0.0
2026-01-07T19:29:46,900  INFO EventsManagerImpl:173 resetting Event-Handlers
2026-01-07T19:29:46,900  INFO EventsManagerImpl:180   org.matsim.core.trafficmonitoring.TravelTimeCalculator
2026-01-07T19:29:46,901  INFO EventsManagerImpl:180   org.matsim.analysis.VolumesAnalyzer
2026-01-07T19:29:46,901  INFO EventsManagerImpl:180   org.matsim.core.scoring.ScoringFunctionsForPopulation
2026-01-07T19:29:46,902  INFO EventsManagerImpl:180   org.matsim.analysis.CalcLegTimes
2026-01-07T19:29:46,902  INFO EventsManagerImpl:180   org.matsim.analysis.LegHistogram
2026-01-07T19:29:46,905  INFO EventsManagerImpl:139 === Logging of event-handlers skipped ===
2026-01-07T19:29:46,905  INFO EventsManagerImpl:140 To enable debug output, set an environment variable i.e. export LOG_LEVEL='debug', or set log.setLogLevel(Level.DEBUG) in your run class.
2026-01-07T19:29:46,909  INFO EventsManagerImpl:210     > org.matsim.api.core.v01.events.Event
2026-01-07T19:29:46,909  INFO EventsManagerImpl:139 === Logging of event-handlers skipped ===
2026-01-07T19:29:46,910  INFO EventsManagerImpl:140 To enable debug output, set an environment variable i.e. export LOG_LEVEL='debug', or set log.setLogLevel(Level.DEBUG) in your run class.
2026-01-07T19:29:46,910  INFO EventsManagerImpl:210     > org.matsim.api.core.v01.events.Event
2026-01-07T19:29:46,911  INFO ControllerListenerManagerImpl:293 calling notifyBeforeMobsim on org.matsim.core.controler.corelisteners.PlansDumpingImpl with priority 0.0
2026-01-07T19:29:46,912  INFO PlansDumpingImpl:78 dumping plans...
2026-01-07T19:29:46,916  INFO Counter:70 [PopulationWriter] dumped person # 1
2026-01-07T19:29:46,916  INFO Counter:70 [ParallelPopulationWriterV6] dumped person # 1
2026-01-07T19:29:46,918  INFO Counter:70 [PopulationWriter] dumped person # 2
2026-01-07T19:29:46,919  INFO Counter:70 [ParallelPopulationWriterV6] dumped person # 2
2026-01-07T19:29:46,923  INFO Counter:70 [ParallelPopulationWriterV6] dumped person # 4
2026-01-07T19:29:46,920  INFO Counter:70 [PopulationWriter] dumped person # 4
2026-01-07T19:29:46,929  INFO Counter:70 [PopulationWriter] dumped person # 8
2026-01-07T19:29:46,930  INFO Counter:70 [ParallelPopulationWriterV6] dumped person # 8
2026-01-07T19:29:46,933  INFO Counter:70 [ParallelPopulationWriterV6] dumped person # 16
2026-01-07T19:29:46,930  INFO Counter:70 [PopulationWriter] dumped person # 16
2026-01-07T19:29:46,939  INFO Counter:70 [PopulationWriter] dumped person # 32
2026-01-07T19:29:46,947  INFO Counter:70 [ParallelPopulationWriterV6] dumped person # 32
2026-01-07T19:29:46,948  INFO Counter:70 [PopulationWriter] dumped person # 64
2026-01-07T19:29:46,976  INFO Counter:70 [ParallelPopulationWriterV6] dumped person # 64
2026-01-07T19:29:47,000  INFO Counter:75 [ParallelPopulationWriterV6] dumped person # 100
2026-01-07T19:29:47,002  INFO PopulationWriter:150 Population written to: ./output/ITERS/it.1/1.plans.xml.gz
2026-01-07T19:29:47,010  INFO Counter:75 [PopulationWriter] dumped person # 100
2026-01-07T19:29:47,011  INFO PlansDumpingImpl:95 finished plans dump.
2026-01-07T19:29:47,011  INFO ControllerListenerManagerImpl:299 calling notifyBeforeMobsim on org.matsim.core.population.VspPlansCleaner with priority 0.0
2026-01-07T19:29:47,013  INFO ControllerListenerManagerImpl:302 [it.1] all ControlerBeforeMobsimListeners called.
2026-01-07T19:29:47,015  INFO PrepareForMobsimImpl:86 Network seems to be multimodal. Create car-only network which is handed over to PersonPrepareForSim.
2026-01-07T19:29:47,017  INFO NetworkImpl:164  node # 1
2026-01-07T19:29:47,018  INFO NetworkImpl:164  node # 4
2026-01-07T19:29:47,019  INFO NetworkImpl:164  node # 16
2026-01-07T19:29:47,020  INFO NetworkImpl:164  node # 64
2026-01-07T19:29:47,027  INFO NetworkImpl:164  node # 256
2026-01-07T19:29:47,028  INFO NetworkImpl:164  node # 1024
2026-01-07T19:29:47,030  INFO NetworkImpl:160  link # 1
2026-01-07T19:29:47,031  INFO NetworkImpl:160  link # 4
2026-01-07T19:29:47,031  INFO NetworkImpl:160  link # 16
2026-01-07T19:29:47,032  INFO NetworkImpl:160  link # 64
2026-01-07T19:29:47,034  INFO NetworkImpl:160  link # 256
2026-01-07T19:29:47,043  INFO NetworkImpl:160  link # 1024
2026-01-07T19:29:47,070  INFO Counter:70 [PersonPrepareForSim] handled person # 4
2026-01-07T19:29:47,070  INFO Counter:70 [PersonPrepareForSim] handled person # 1
2026-01-07T19:29:47,084  INFO Counter:70 [PersonPrepareForSim] handled person # 32
2026-01-07T19:29:47,085  INFO Counter:70 [PersonPrepareForSim] handled person # 64
2026-01-07T19:29:47,070  INFO Counter:70 [PersonPrepareForSim] handled person # 2
2026-01-07T19:29:47,073  INFO Counter:70 [PersonPrepareForSim] handled person # 8
2026-01-07T19:29:47,085  INFO Counter:70 [PersonPrepareForSim] handled person # 16
2026-01-07T19:29:47,094  INFO Counter:75 [PersonPrepareForSim] handled person # 100
2026-01-07T19:29:47,150  INFO MobsimListenerManager:50 calling addQueueSimulationListener
2026-01-07T19:29:47,151  INFO MobsimListenerManager:54   assigned class org.matsim.core.mobsim.framework.listeners.MobsimListener to interface org.matsim.vis.snapshotwriters.SnapshotWriterManager
2026-01-07T19:29:47,152  INFO MobsimListenerManager:54   assigned class org.matsim.core.mobsim.framework.listeners.MobsimListener to interface org.matsim.core.mobsim.framework.listeners.MobsimListener
2026-01-07T19:29:47,153  INFO MobsimListenerManager:54   assigned class org.matsim.core.mobsim.framework.listeners.MobsimListener to interface org.matsim.core.mobsim.framework.listeners.MobsimBeforeCleanupListener
2026-01-07T19:29:47,154  INFO MobsimListenerManager:54   assigned class org.matsim.core.mobsim.framework.listeners.MobsimListener to interface org.matsim.core.mobsim.framework.listeners.MobsimInitializedListener
2026-01-07T19:29:47,159  INFO MobsimListenerManager:54   assigned class org.matsim.core.mobsim.framework.listeners.MobsimListener to interface org.matsim.core.mobsim.framework.listeners.MobsimAfterSimStepListener
2026-01-07T19:29:47,161  INFO QSimProvider:131 Added MobsimEngine class org.matsim.core.mobsim.qsim.ActivityEngineDefaultImpl
2026-01-07T19:29:47,163  INFO QSimProvider:137 Added Activityhandler class org.matsim.core.mobsim.qsim.ActivityEngineDefaultImpl
2026-01-07T19:29:47,197  INFO QSimProvider:131 Added MobsimEngine class org.matsim.core.mobsim.qsim.qnetsimengine.QNetsimEngineWithThreadpool
2026-01-07T19:29:47,201  INFO QSimProvider:143 Added DepartureHandler class org.matsim.core.mobsim.qsim.qnetsimengine.NetworkModeDepartureHandlerDefaultImpl
2026-01-07T19:29:47,202  INFO QSimProvider:131 Added MobsimEngine class org.matsim.core.mobsim.qsim.DefaultTeleportationEngine
2026-01-07T19:29:47,203  INFO QSimProvider:143 Added DepartureHandler class org.matsim.core.mobsim.qsim.DefaultTeleportationEngine
2026-01-07T19:29:47,204  INFO QSimProvider:149 Added AgentSource class org.matsim.core.mobsim.qsim.agents.PopulationAgentSource
2026-01-07T19:29:47,208  INFO MobsimListenerManager:50 calling addQueueSimulationListener
2026-01-07T19:29:47,209  INFO MobsimListenerManager:54   assigned class org.matsim.core.mobsim.framework.listeners.MobsimListener to interface org.matsim.core.mobsim.framework.listeners.MobsimListener
2026-01-07T19:29:47,210  INFO MobsimListenerManager:54   assigned class org.matsim.core.mobsim.framework.listeners.MobsimListener to interface org.matsim.core.mobsim.framework.listeners.MobsimBeforeSimStepListener
2026-01-07T19:29:47,211  INFO MobsimListenerManager:54   assigned class org.matsim.core.mobsim.framework.listeners.MobsimListener to interface org.matsim.core.mobsim.qsim.messagequeueengine.MessageQueueEngine
2026-01-07T19:29:47,212  INFO QSimProvider:155 Added MobsimListener class org.matsim.core.mobsim.qsim.messagequeueengine.MessageQueueEngine
2026-01-07T19:29:47,235  INFO AbstractQNetsimEngine:421 Assigned 1810 nodes and 3359 links to QSimEngineRunner #0
2026-01-07T19:29:47,257  INFO AbstractQNetsimEngine:359 SIMULATION (QNetsimEngine) AT 08:00:00 : #links=0 #nodes=0
2026-01-07T19:29:47,260  INFO QSim:551 SIMULATION (NEW QSim) AT 08:00:00 : #active agents=100 lost=0 simT=0.0s realT=0s; (s/r): 0.0
2026-01-07T19:29:47,683  INFO AbstractQNetsimEngine:359 SIMULATION (QNetsimEngine) AT 09:00:00 : #links=0 #nodes=0
2026-01-07T19:29:47,684  INFO QSim:551 SIMULATION (NEW QSim) AT 09:00:00 : #active agents=100 lost=0 simT=3600.0s realT=0s; (s/r): Infinity
2026-01-07T19:29:47,939  INFO AbstractQNetsimEngine:359 SIMULATION (QNetsimEngine) AT 10:00:00 : #links=0 #nodes=0
2026-01-07T19:29:47,940  INFO QSim:551 SIMULATION (NEW QSim) AT 10:00:00 : #active agents=100 lost=0 simT=7200.0s realT=0s; (s/r): Infinity
2026-01-07T19:29:48,214  INFO AbstractQNetsimEngine:359 SIMULATION (QNetsimEngine) AT 11:00:00 : #links=0 #nodes=0
2026-01-07T19:29:48,215  INFO QSim:551 SIMULATION (NEW QSim) AT 11:00:00 : #active agents=100 lost=0 simT=10800.0s realT=1s; (s/r): 10800.0
2026-01-07T19:29:48,496  INFO AbstractQNetsimEngine:359 SIMULATION (QNetsimEngine) AT 12:00:00 : #links=0 #nodes=0
2026-01-07T19:29:48,497  INFO QSim:551 SIMULATION (NEW QSim) AT 12:00:00 : #active agents=100 lost=0 simT=14400.0s realT=1s; (s/r): 14400.0
2026-01-07T19:29:48,739  INFO AbstractQNetsimEngine:359 SIMULATION (QNetsimEngine) AT 13:00:00 : #links=0 #nodes=0
2026-01-07T19:29:48,740  INFO QSim:551 SIMULATION (NEW QSim) AT 13:00:00 : #active agents=100 lost=0 simT=18000.0s realT=1s; (s/r): 18000.0
2026-01-07T19:29:48,981  INFO AbstractQNetsimEngine:359 SIMULATION (QNetsimEngine) AT 14:00:00 : #links=0 #nodes=0
2026-01-07T19:29:48,982  INFO QSim:551 SIMULATION (NEW QSim) AT 14:00:00 : #active agents=100 lost=0 simT=21600.0s realT=1s; (s/r): 21600.0
2026-01-07T19:29:49,231  INFO AbstractQNetsimEngine:359 SIMULATION (QNetsimEngine) AT 15:00:00 : #links=0 #nodes=0
2026-01-07T19:29:49,232  INFO QSim:551 SIMULATION (NEW QSim) AT 15:00:00 : #active agents=100 lost=0 simT=25200.0s realT=2s; (s/r): 12600.0
2026-01-07T19:29:49,506  INFO AbstractQNetsimEngine:359 SIMULATION (QNetsimEngine) AT 16:00:00 : #links=0 #nodes=0
2026-01-07T19:29:49,508  INFO QSim:551 SIMULATION (NEW QSim) AT 16:00:00 : #active agents=100 lost=0 simT=28800.0s realT=2s; (s/r): 14400.0
2026-01-07T19:29:49,758  INFO AbstractQNetsimEngine:359 SIMULATION (QNetsimEngine) AT 17:00:00 : #links=0 #nodes=0
2026-01-07T19:29:49,761  INFO QSim:551 SIMULATION (NEW QSim) AT 17:00:00 : #active agents=100 lost=0 simT=32400.0s realT=2s; (s/r): 16200.0
2026-01-07T19:29:49,776  INFO NetworkModeDepartureHandlerDefaultImpl:109 teleport vehicle agent_3_bike from link 42145829_4 to link 238011045_1
2026-01-07T19:29:50,104  INFO Gbl:196 Thread performance: Thread=class org.matsim.core.events.SimStepParallelEventsManagerImpl$ProcessEventsRunnable0  cpu-time=0.625sec
2026-01-07T19:29:50,104  INFO AbstractController$9:237 ### ITERATION 1 fires after mobsim event
2026-01-07T19:29:50,265  INFO ControllerListenerManagerImpl:324 calling notifyAfterMobsim on org.matsim.analysis.LegTimesControllerListener with priority 0.0
2026-01-07T19:29:50,268  INFO LegTimesControllerListener:73 [1] average leg duration is: 207 seconds = 00:03:27
2026-01-07T19:29:50,271  INFO ControllerListenerManagerImpl:324 calling notifyAfterMobsim on org.matsim.core.events.MobsimScopeEventHandling with priority 0.0
2026-01-07T19:29:50,273  INFO ControllerListenerManagerImpl:324 calling notifyAfterMobsim on org.matsim.core.scoring.EventsToActivities$1 with priority 0.0
2026-01-07T19:29:50,276  INFO ControllerListenerManagerImpl:327 [it.1] all ControllerAfterMobsimListeners called.
2026-01-07T19:29:50,276  INFO AbstractController$4:162 ### ITERATION 1 fires scoring event
2026-01-07T19:29:50,277  INFO ControllerListenerManagerImpl:238 calling notifyScoring on org.matsim.core.scoring.PlansScoringImpl with priority 0.0
2026-01-07T19:29:50,279  INFO NewScoreAssignerImpl:60 it: 1 msaStart: null
2026-01-07T19:29:50,280  INFO ControllerListenerManagerImpl:250 [it.1] all ControllerScoringListeners called.
2026-01-07T19:29:50,282  INFO AbstractController$5:170 ### ITERATION 1 fires iteration end event
2026-01-07T19:29:50,285  INFO ControllerListenerManagerImpl:209 calling notifyIterationEnds on org.matsim.core.controler.corelisteners.EventsHandlingImpl with priority 0.0
2026-01-07T19:29:50,287  INFO EventsManagerImpl:164 removing Event-Handler: org.matsim.core.events.algorithms.EventWriterXML
2026-01-07T19:29:50,288  INFO EventsManagerImpl:164 removing Event-Handler: org.matsim.core.events.algorithms.EventWriterXML
2026-01-07T19:29:50,288  INFO ControllerListenerManagerImpl:209 calling notifyIterationEnds on org.matsim.core.scoring.PlansScoringImpl with priority 0.0
2026-01-07T19:29:50,289  INFO PopulationImpl:111  person # 1
2026-01-07T19:29:50,289  INFO PopulationImpl:111  person # 4
2026-01-07T19:29:50,290  INFO PopulationImpl:111  person # 16
2026-01-07T19:29:50,291  INFO PopulationImpl:111  person # 64
2026-01-07T19:29:50,294  INFO Counter:70 [PopulationWriter] dumped person # 1
2026-01-07T19:29:50,298  WARN ObjectAttributesConverter:96 No AttributeConverter found for class org.matsim.api.core.v01.Id$IdImpl. Not all attribute values can be converted.
2026-01-07T19:29:50,301  WARN ObjectAttributesConverter:96 No AttributeConverter found for class org.matsim.api.core.v01.Id$IdImpl. Not all attribute values can be converted.
2026-01-07T19:29:50,302  INFO Counter:70 [PopulationWriter] dumped person # 2
2026-01-07T19:29:50,302  INFO Counter:70 [ParallelPopulationWriterV6] dumped person # 1
2026-01-07T19:29:50,307  INFO Counter:70 [ParallelPopulationWriterV6] dumped person # 2
2026-01-07T19:29:50,306  INFO Counter:70 [PopulationWriter] dumped person # 4
2026-01-07T19:29:50,311  INFO Counter:70 [ParallelPopulationWriterV6] dumped person # 4
2026-01-07T19:29:50,312  INFO Counter:70 [PopulationWriter] dumped person # 8
2026-01-07T19:29:50,316  INFO Counter:70 [ParallelPopulationWriterV6] dumped person # 8
2026-01-07T19:29:50,316  INFO Counter:70 [PopulationWriter] dumped person # 16
2026-01-07T19:29:50,318  INFO Counter:70 [PopulationWriter] dumped person # 32
2026-01-07T19:29:50,320  INFO Counter:70 [PopulationWriter] dumped person # 64
2026-01-07T19:29:50,319  INFO Counter:70 [ParallelPopulationWriterV6] dumped person # 16
2026-01-07T19:29:50,323  INFO Counter:70 [ParallelPopulationWriterV6] dumped person # 32
2026-01-07T19:29:50,332  INFO Counter:70 [ParallelPopulationWriterV6] dumped person # 64
2026-01-07T19:29:50,336  INFO Counter:75 [ParallelPopulationWriterV6] dumped person # 100
2026-01-07T19:29:50,337  INFO PopulationWriter:150 Population written to: ./output/ITERS/it.1/1.experienced_plans.xml.gz
2026-01-07T19:29:50,339  INFO Counter:75 [PopulationWriter] dumped person # 100
2026-01-07T19:29:50,344  INFO ControllerListenerManagerImpl:217 calling notifyIterationEnds on org.matsim.counts.CountsControllerListener with priority 0.0
2026-01-07T19:29:50,347  INFO ControllerListenerManagerImpl:217 calling notifyIterationEnds on org.matsim.analysis.ModeChoiceCoverageControllerListener with priority 0.0
2026-01-07T19:29:50,351  INFO ModeChoiceCoverageControllerListener:144 -- mode choice coverage (1x) of mode bike = 0.39
2026-01-07T19:29:50,352  INFO ModeChoiceCoverageControllerListener:144 -- mode choice coverage (1x) of mode car = 0.335
2026-01-07T19:29:50,352  INFO ModeChoiceCoverageControllerListener:144 -- mode choice coverage (1x) of mode walk = 0.415
2026-01-07T19:29:50,353  INFO ModeChoiceCoverageControllerListener:144 -- mode choice coverage (5x) of mode bike = 0.0
2026-01-07T19:29:50,353  INFO ModeChoiceCoverageControllerListener:144 -- mode choice coverage (5x) of mode car = 0.0
2026-01-07T19:29:50,353  INFO ModeChoiceCoverageControllerListener:144 -- mode choice coverage (5x) of mode walk = 0.0
2026-01-07T19:29:50,354  INFO ModeChoiceCoverageControllerListener:144 -- mode choice coverage (10x) of mode bike = 0.0
2026-01-07T19:29:50,354  INFO ModeChoiceCoverageControllerListener:144 -- mode choice coverage (10x) of mode car = 0.0
2026-01-07T19:29:50,354  INFO ModeChoiceCoverageControllerListener:144 -- mode choice coverage (10x) of mode walk = 0.0
2026-01-07T19:29:50,578  INFO ControllerListenerManagerImpl:217 calling notifyIterationEnds on org.matsim.analysis.ModeStatsControllerListener with priority 0.0
2026-01-07T19:29:50,581  INFO ModeStatsControllerListener:132 Mode shares over all 200.0 trips found. MainModeIdentifier: class org.matsim.core.router.DefaultAnalysisMainModeIdentifier
2026-01-07T19:29:50,582  INFO ModeStatsControllerListener:139 -- mode share of mode bike = 0.35
2026-01-07T19:29:50,582  INFO ModeStatsControllerListener:139 -- mode share of mode car = 0.285
2026-01-07T19:29:50,583  INFO ModeStatsControllerListener:139 -- mode share of mode walk = 0.365
2026-01-07T19:29:50,721  INFO ControllerListenerManagerImpl:217 calling notifyIterationEnds on org.matsim.analysis.ScoreStatsControlerListener with priority 0.0
2026-01-07T19:29:50,722  INFO ScoreStatsControlerListener:154 -- avg. score of the executed plan of each agent: 545.4523447175267
2026-01-07T19:29:50,722  INFO ScoreStatsControlerListener:155 -- avg. score of the worst plan of each agent: 544.9751661856003
2026-01-07T19:29:50,723  INFO ScoreStatsControlerListener:156 -- avg. of the avg. plan score per agent: 545.4117428651317
2026-01-07T19:29:50,723  INFO ScoreStatsControlerListener:157 -- avg. score of the best plan of each agent: 545.8483195446632
2026-01-07T19:29:50,778  INFO ControllerListenerManagerImpl:217 calling notifyIterationEnds on org.matsim.analysis.IterationTravelStatsControllerListener with priority 0.0
2026-01-07T19:29:50,785  INFO TravelDistanceStats:115 -- average leg distance per plan (executed plans only): 1089.2802367666338 meters
2026-01-07T19:29:50,787  INFO TravelDistanceStats:116 average leg distance per Person (executed plans only): 4945.332274920518 meters (statistic on all 454 legs which have a finite distance)
2026-01-07T19:29:50,788  INFO TravelDistanceStats:117 -- average trip distance per plan (executed plans only): 2472.666137460259 meters
2026-01-07T19:29:50,788  INFO TravelDistanceStats:118 average trip distance per Person (executed plans only): 4945.332274920518 meters (statistic on all 200 trips which have a finite distance)
2026-01-07T19:29:50,789  INFO TravelDistanceStats:119 (TravelDistanceStats takes an average over all legs where the simulation reports travelled (network) distances
2026-01-07T19:29:50,790  INFO TravelDistanceStats:120 (and teleported legs whose route contains a distance.)
2026-01-07T19:29:51,100  INFO ActivityWriter:39 Writing all Activities to activitiescsv
2026-01-07T19:29:51,111  INFO ActivityWriter:59 ...done
2026-01-07T19:29:51,113  INFO ControllerListenerManagerImpl:217 calling notifyIterationEnds on org.matsim.analysis.LegTimesControllerListener with priority 0.0
2026-01-07T19:29:51,122  INFO EventsManagerImpl:164 removing Event-Handler: org.matsim.analysis.CalcLegTimes
2026-01-07T19:29:51,127  INFO EventsManagerImpl:164 removing Event-Handler: org.matsim.analysis.CalcLegTimes
2026-01-07T19:29:51,137  INFO ControllerListenerManagerImpl:217 calling notifyIterationEnds on org.matsim.analysis.LegHistogramListener with priority 0.0
2026-01-07T19:29:51,179  INFO LegHistogramListener:79 number of legs:	454	100%
2026-01-07T19:29:51,190  INFO LegHistogramListener:86 number of bike legs:	70	15.418502202643172%
2026-01-07T19:29:51,205  INFO LegHistogramListener:86 number of car legs:	57	12.555066079295154%
2026-01-07T19:29:51,212  INFO LegHistogramListener:86 number of walk legs:	327	72.02643171806167%
2026-01-07T19:29:51,999  INFO EventsManagerImpl:164 removing Event-Handler: org.matsim.analysis.LegHistogram
2026-01-07T19:29:52,001  INFO EventsManagerImpl:164 removing Event-Handler: org.matsim.analysis.LegHistogram
2026-01-07T19:29:52,003  INFO ControllerListenerManagerImpl:217 calling notifyIterationEnds on org.matsim.analysis.LinkStatsControllerListener with priority 0.0
2026-01-07T19:29:52,006  INFO ControllerListenerManagerImpl:221 [it.1] all ControllerIterationEndsListeners called.
2026-01-07T19:29:52,103  INFO AbstractController:184 ### ITERATION 1 ENDS
2026-01-07T19:29:52,104  INFO AbstractController:185 ###################################################
2026-01-07T19:29:52,105  INFO MatsimRuntimeModifications:81 S H U T D O W N   ---   start shutdown.
2026-01-07T19:29:52,106  INFO ControllerListenerManagerImpl:155 calling notifyShutdown on org.matsim.core.controler.corelisteners.EventsHandlingImpl with priority 0.0
2026-01-07T19:29:52,106  INFO ControllerListenerManagerImpl:155 calling notifyShutdown on org.matsim.core.controler.corelisteners.DumpDataAtEndImpl with priority 0.0
2026-01-07T19:29:52,109  INFO Counter:70 [PopulationWriter] dumped person # 1
2026-01-07T19:29:52,109  INFO Counter:70 [PopulationWriter] dumped person # 2
2026-01-07T19:29:52,109  INFO Counter:70 [ParallelPopulationWriterV6] dumped person # 1
2026-01-07T19:29:52,109  INFO Counter:70 [PopulationWriter] dumped person # 4
2026-01-07T19:29:52,110  INFO Counter:70 [ParallelPopulationWriterV6] dumped person # 2
2026-01-07T19:29:52,111  INFO Counter:70 [PopulationWriter] dumped person # 8
2026-01-07T19:29:52,111  INFO Counter:70 [ParallelPopulationWriterV6] dumped person # 4
2026-01-07T19:29:52,111  INFO Counter:70 [PopulationWriter] dumped person # 16
2026-01-07T19:29:52,112  INFO Counter:70 [ParallelPopulationWriterV6] dumped person # 8
2026-01-07T19:29:52,112  INFO Counter:70 [PopulationWriter] dumped person # 32
2026-01-07T19:29:52,114  INFO Counter:70 [ParallelPopulationWriterV6] dumped person # 16
2026-01-07T19:29:52,114  INFO Counter:70 [PopulationWriter] dumped person # 64
2026-01-07T19:29:52,120  INFO Counter:70 [ParallelPopulationWriterV6] dumped person # 32
2026-01-07T19:29:52,125  INFO Counter:70 [ParallelPopulationWriterV6] dumped person # 64
2026-01-07T19:29:52,127  INFO Counter:75 [ParallelPopulationWriterV6] dumped person # 100
2026-01-07T19:29:52,128  INFO PopulationWriter:150 Population written to: ./output/output_plans.xml.gz
2026-01-07T19:29:52,130  INFO Counter:75 [PopulationWriter] dumped person # 100
2026-01-07T19:29:52,132  INFO NetworkWriter:70 Writing network to file: ./output/output_network.xml.gz...
2026-01-07T19:29:52,268  INFO NetworkWriter:73 done.
2026-01-07T19:29:52,277  INFO Config:468 setting context to [file:/E:/MyFolder/Upskill/MatSIM/matsim-Basic/]
2026-01-07T19:29:52,290  INFO Config:468 setting context to [file:/E:/MyFolder/Upskill/MatSIM/matsim-Basic/]
2026-01-07T19:29:52,313  INFO Config:468 setting context to [file:/E:/MyFolder/Upskill/MatSIM/matsim-Basic/]
2026-01-07T19:29:52,336  INFO Config:468 setting context to [file:/E:/MyFolder/Upskill/MatSIM/matsim-Basic/]
2026-01-07T19:29:52,343  INFO Config:468 setting context to [file:/E:/MyFolder/Upskill/MatSIM/matsim-Basic/]
2026-01-07T19:29:52,350  INFO Config:468 setting context to [file:/E:/MyFolder/Upskill/MatSIM/matsim-Basic/]
2026-01-07T19:29:52,356  INFO Config:468 setting context to [file:/E:/MyFolder/Upskill/MatSIM/matsim-Basic/]
2026-01-07T19:29:52,360  INFO Config:468 setting context to [file:/E:/MyFolder/Upskill/MatSIM/matsim-Basic/]
2026-01-07T19:29:52,364  INFO Config:468 setting context to [file:/E:/MyFolder/Upskill/MatSIM/matsim-Basic/]
2026-01-07T19:29:52,368  INFO Config:468 setting context to [file:/E:/MyFolder/Upskill/MatSIM/matsim-Basic/]
2026-01-07T19:29:52,371  INFO Config:468 setting context to [file:/E:/MyFolder/Upskill/MatSIM/matsim-Basic/]
2026-01-07T19:29:52,374  INFO Config:468 setting context to [file:/E:/MyFolder/Upskill/MatSIM/matsim-Basic/]
2026-01-07T19:29:52,378  INFO Config:468 setting context to [file:/E:/MyFolder/Upskill/MatSIM/matsim-Basic/]
2026-01-07T19:29:52,381  INFO Config:468 setting context to [file:/E:/MyFolder/Upskill/MatSIM/matsim-Basic/]
2026-01-07T19:29:52,409  INFO Config:468 setting context to [file:/E:/MyFolder/Upskill/MatSIM/matsim-Basic/]
2026-01-07T19:29:52,413  INFO Config:468 setting context to [file:/E:/MyFolder/Upskill/MatSIM/matsim-Basic/]
2026-01-07T19:29:52,417  INFO Config:468 setting context to [file:/E:/MyFolder/Upskill/MatSIM/matsim-Basic/]
2026-01-07T19:29:52,430  INFO Config:468 setting context to [file:/E:/MyFolder/Upskill/MatSIM/matsim-Basic/]
2026-01-07T19:29:52,439  INFO Config:468 setting context to [file:/E:/MyFolder/Upskill/MatSIM/matsim-Basic/]
2026-01-07T19:29:52,507  INFO Config:468 setting context to [file:/E:/MyFolder/Upskill/MatSIM/matsim-Basic/]
2026-01-07T19:29:52,564  INFO Config:468 setting context to [file:/E:/MyFolder/Upskill/MatSIM/matsim-Basic/]
2026-01-07T19:29:52,779  INFO Config:468 setting context to [file:/E:/MyFolder/Upskill/MatSIM/matsim-Basic/]
2026-01-07T19:29:52,796  INFO Config:468 setting context to [file:/E:/MyFolder/Upskill/MatSIM/matsim-Basic/]
2026-01-07T19:29:52,839  INFO Config:468 setting context to [file:/E:/MyFolder/Upskill/MatSIM/matsim-Basic/]
2026-01-07T19:29:52,849  INFO Config:468 setting context to [file:/E:/MyFolder/Upskill/MatSIM/matsim-Basic/]
2026-01-07T19:29:52,852  INFO Config:468 setting context to [file:/E:/MyFolder/Upskill/MatSIM/matsim-Basic/]
2026-01-07T19:29:52,864  INFO MatsimVehicleWriter:49 about to write vehicles to: ./output/output_vehicles.xml.gz
2026-01-07T19:29:52,866  INFO VehicleWriterV2:64 about to write vehicles to: ./output/output_vehicles.xml.gz
2026-01-07T19:29:52,874  INFO MatsimVehicleWriter:49 about to write vehicles to: ./output/output_allVehicles.xml.gz
2026-01-07T19:29:52,880  INFO VehicleWriterV2:64 about to write vehicles to: ./output/output_allVehicles.xml.gz
2026-01-07T19:29:52,893  INFO HouseholdsWriterV10:68 about to write  households to: ./output/output_households.xml.gz
2026-01-07T19:29:52,899  INFO Counter:75 [HouseholdsWriter] wrote household # 0
2026-01-07T19:29:52,904  INFO CountsWriterV2:45 Write Counts to ./output/output_counts.xml.gz
2026-01-07T19:29:52,950  INFO ControllerListenerManagerImpl:162 calling notifyShutdown on org.matsim.analysis.ModeChoiceCoverageControllerListener with priority 0.0
2026-01-07T19:29:52,954  INFO ControllerListenerManagerImpl:162 calling notifyShutdown on org.matsim.analysis.ScoreStatsControlerListener with priority 0.0
2026-01-07T19:29:52,955  INFO ControllerListenerManagerImpl:162 calling notifyShutdown on org.matsim.analysis.IterationTravelStatsControllerListener with priority 0.0
2026-01-07T19:29:52,957  INFO PersonWriter:36 Writing all Persons to personscsv
2026-01-07T19:29:52,966  INFO PersonWriter:54 ...done
2026-01-07T19:29:52,966  INFO ControllerListenerManagerImpl:162 calling notifyShutdown on org.matsim.analysis.LinkStatsControllerListener with priority 0.0
2026-01-07T19:29:53,110  INFO ControllerListenerManagerImpl:165 all ControlerShutdownListeners called.
2026-01-07T19:29:53,112  INFO MatsimRuntimeModifications:104 S H U T D O W N   ---   shutdown completed.
2026-01-07T19:29:53,112  INFO OutputDirectoryLogging:173 closing the logfile, i.e. messages sent to the logger after this message are not written to the logfile.
