2026-02-25T21:31:21,979  INFO Gbl:64 JVM: 25.0.1; Oracle Corporation; mixed mode, sharing; 64-bit
2026-02-25T21:31:21,984  INFO Gbl:68 OS: Windows 10; 10.0; amd64
2026-02-25T21:31:21,986  INFO Gbl:71 CPU cores: 4
2026-02-25T21:31:21,994  INFO Gbl:72 max. Memory: 2018.0MB (2116026368B)
2026-02-25T21:31:21,997  INFO Gbl:114 MATSim-Build: r36b4d48f26953ff502cbeeb3151e9136138970bb ({2025-12-01 02:41:52})
2026-02-25T21:31:21,999  INFO Gbl:76 Command: org.matsim.withinday.siouxfalls.src.SiouxFallsWithinDayRunner
2026-02-25T21:31:22,021  INFO MemoryObserver:43 used RAM: 73 MB  free: 56 MB  total: 130 MB  max: 2018 MB
2026-02-25T21:31:22,027  INFO ControllerListenerManagerImpl:121 calling notifyStartup on org.matsim.core.controler.ControlerDefaultsModule$1 with priority 0.0
2026-02-25T21:31:22,132  INFO ControllerListenerManagerImpl:121 calling notifyStartup on org.matsim.guice.DependencyGraphControllerListener with priority 0.0
2026-02-25T21:31:23,134  INFO ControllerListenerManagerImpl:121 calling notifyStartup on org.matsim.counts.CountsControllerListener with priority 0.0
2026-02-25T21:31:23,137  INFO ControllerListenerManagerImpl:121 calling notifyStartup on org.matsim.analysis.ModeChoiceCoverageControllerListener with priority 0.0
2026-02-25T21:31:23,138  INFO ControllerListenerManagerImpl:121 calling notifyStartup on org.matsim.analysis.ModeStatsControllerListener with priority 0.0
2026-02-25T21:31:23,140  INFO ControllerListenerManagerImpl:121 calling notifyStartup on org.matsim.analysis.ScoreStatsControlerListener with priority 0.0
2026-02-25T21:31:23,144  INFO ControllerListenerManagerImpl:121 calling notifyStartup on org.matsim.withinday.siouxfalls.src.modules.CustomWithinDayModule with priority 0.0
2026-02-25T21:31:23,146  INFO EventsManagerImpl:139 === Logging of event-handlers skipped ===
2026-02-25T21:31:23,149  INFO EventsManagerImpl:140 To enable debug output, set an environment variable i.e. export LOG_LEVEL='debug', or set log.setLogLevel(Level.DEBUG) in your run class.
2026-02-25T21:31:23,157  INFO EventsManagerImpl:210     > org.matsim.api.core.v01.events.PersonStuckEvent
2026-02-25T21:31:23,159  INFO EventsManagerImpl:210     > org.matsim.api.core.v01.events.ActivityStartEvent
2026-02-25T21:31:23,160  INFO EventsManagerImpl:210     > org.matsim.api.core.v01.events.ActivityEndEvent
2026-02-25T21:31:23,161  INFO EventsManagerImpl:210     > org.matsim.withinday.events.ReplanningEvent
2026-02-25T21:31:23,162  INFO EventsManagerImpl:139 === Logging of event-handlers skipped ===
2026-02-25T21:31:23,164  INFO EventsManagerImpl:140 To enable debug output, set an environment variable i.e. export LOG_LEVEL='debug', or set log.setLogLevel(Level.DEBUG) in your run class.
2026-02-25T21:31:23,166  INFO EventsManagerImpl:210     > org.matsim.api.core.v01.events.PersonStuckEvent
2026-02-25T21:31:23,167  INFO EventsManagerImpl:210     > org.matsim.api.core.v01.events.ActivityStartEvent
2026-02-25T21:31:23,168  INFO EventsManagerImpl:210     > org.matsim.api.core.v01.events.ActivityEndEvent
2026-02-25T21:31:23,172  INFO EventsManagerImpl:210     > org.matsim.withinday.events.ReplanningEvent
2026-02-25T21:31:23,193  INFO EventsManagerImpl:139 === Logging of event-handlers skipped ===
2026-02-25T21:31:23,194  INFO EventsManagerImpl:140 To enable debug output, set an environment variable i.e. export LOG_LEVEL='debug', or set log.setLogLevel(Level.DEBUG) in your run class.
2026-02-25T21:31:23,195  INFO EventsManagerImpl:210     > org.matsim.api.core.v01.events.ActivityStartEvent
2026-02-25T21:31:23,196  INFO EventsManagerImpl:139 === Logging of event-handlers skipped ===
2026-02-25T21:31:23,197  INFO EventsManagerImpl:140 To enable debug output, set an environment variable i.e. export LOG_LEVEL='debug', or set log.setLogLevel(Level.DEBUG) in your run class.
2026-02-25T21:31:23,198  INFO EventsManagerImpl:210     > org.matsim.api.core.v01.events.ActivityStartEvent
2026-02-25T21:31:23,200  INFO ControllerListenerManagerImpl:121 calling notifyStartup on org.matsim.withinday.siouxfalls.src.modules.RLStartupListener with priority 0.0
2026-02-25T21:31:24,198  INFO ControllerListenerManagerImpl:121 calling notifyStartup on org.matsim.withinday.controller.WithinDayControlerListener with priority 0.0
2026-02-25T21:31:24,202  INFO WithinDayControlerListener:153 Initialize WithinDayEngine
2026-02-25T21:31:24,228  INFO ControllerListenerManagerImpl:124 all ControllerStartupListeners called.
2026-02-25T21:31:24,231  INFO ControllerUtils:99 config dump before iterations start
2026-02-25T21:31:24,434  INFO ControllerUtils:105 === logging config.xml skipped ===
2026-02-25T21:31:24,436  INFO ControllerUtils:106 To enable debug output, set an environment variable i.e. export LOG_LEVEL='debug', or set log.setLogLevel(Level.DEBUG) in your run class.
2026-02-25T21:31:24,440  INFO ControllerUtils:110 Complete config dump done.
2026-02-25T21:31:24,447  INFO ControllerUtils:111 Checking consistency of config...
2026-02-25T21:31:24,476  WARN ScoringConfigGroup$ScoringParameterSet:1630 marginal utl of wait set to: -0.84. Setting this different from zero is discouraged since there is already the marginal utility of time as a resource. The parameter was also used in the past for pt routing; if you did that, consider setting the new parameter waitingPt instead.
2026-02-25T21:31:24,482  INFO VspConfigConsistencyCheckerImpl:62 NOT running vsp config consistency check because vsp defaults checking level is set to IGNORE
2026-02-25T21:31:24,614  INFO ControllerUtils:113 Checking consistency of config done.
2026-02-25T21:31:24,616  INFO PrepareForSimImpl:129 Network seems to be multimodal. Create car-only network which is handed over to PersonPrepareForSim.
2026-02-25T21:31:24,625  INFO NetworkImpl:164  node # 1
2026-02-25T21:31:24,635  INFO NetworkImpl:164  node # 4
2026-02-25T21:31:24,641  INFO NetworkImpl:164  node # 16
2026-02-25T21:31:24,644  INFO NetworkImpl:164  node # 64
2026-02-25T21:31:24,668  INFO NetworkImpl:164  node # 256
2026-02-25T21:31:24,699  INFO NetworkImpl:164  node # 1024
2026-02-25T21:31:24,748  INFO NetworkImpl:160  link # 1
2026-02-25T21:31:24,839  INFO NetworkImpl:160  link # 4
2026-02-25T21:31:24,846  INFO NetworkImpl:160  link # 16
2026-02-25T21:31:24,851  INFO NetworkImpl:160  link # 64
2026-02-25T21:31:24,919  INFO NetworkImpl:160  link # 256
2026-02-25T21:31:24,946  INFO NetworkImpl:160  link # 1024
2026-02-25T21:31:25,070  WARN XY2LinksForFacilities:51 There is no link for at least a facility. Assigning links for such facilities from coords.
2026-02-25T21:31:25,074  WARN XY2LinksForFacilities:52  This message given only once.
2026-02-25T21:31:25,150  INFO NetworkImpl:418 building QuadTree for nodes: xrange(678125.237,687483.1438); yrange(4818749.2408,4832295.5857)
2026-02-25T21:31:25,208  INFO NetworkImpl:427 Building QuadTree took 0.08 seconds.
2026-02-25T21:31:25,773  WARN PrepareForSimImpl:269 'usePersonIdForMissingVehicleId' is deprecated. It will be removed soon. Use
2026-02-25T21:31:25,775  WARN PrepareForSimImpl:270 		config.qsim().setUsePersonIdForMissingVehicleId( false );
2026-02-25T21:31:25,776  WARN PrepareForSimImpl:271 in code, and 
2026-02-25T21:31:25,778  WARN PrepareForSimImpl:272 	<module name="qsim" >
2026-02-25T21:31:25,779  WARN PrepareForSimImpl:273 		<param name="usePersonIdForMissingVehicleId" value="false" />
2026-02-25T21:31:25,780  WARN PrepareForSimImpl:274 in the config xml.
2026-02-25T21:31:25,781  INFO Counter:70 [VehiclesImpl] added vehicle # 1
2026-02-25T21:31:25,783  INFO Counter:70 [VehiclesImpl] added vehicle # 2
2026-02-25T21:31:25,784  INFO Counter:70 [VehiclesImpl] added vehicle # 4
2026-02-25T21:31:25,789  INFO Counter:70 [VehiclesImpl] added vehicle # 8
2026-02-25T21:31:25,797  INFO Counter:70 [VehiclesImpl] added vehicle # 16
2026-02-25T21:31:25,799  INFO Counter:70 [VehiclesImpl] added vehicle # 32
2026-02-25T21:31:25,801  INFO Counter:70 [VehiclesImpl] added vehicle # 64
2026-02-25T21:31:25,803  INFO Counter:70 [VehiclesImpl] added vehicle # 128
2026-02-25T21:31:25,813  INFO Counter:70 [VehiclesImpl] added vehicle # 256
2026-02-25T21:31:25,818  INFO Counter:70 [VehiclesImpl] added vehicle # 512
2026-02-25T21:31:25,832  INFO Counter:70 [VehiclesImpl] added vehicle # 1024
2026-02-25T21:31:25,846  INFO Counter:70 [VehiclesImpl] added vehicle # 2048
2026-02-25T21:31:25,869  INFO Counter:70 [VehiclesImpl] added vehicle # 4096
2026-02-25T21:31:25,914  INFO Counter:70 [VehiclesImpl] added vehicle # 8192
2026-02-25T21:31:26,015  INFO Counter:70 [VehiclesImpl] added vehicle # 16384
2026-02-25T21:31:26,333  INFO EventsManagerImpl:139 === Logging of event-handlers skipped ===
2026-02-25T21:31:26,335  INFO EventsManagerImpl:140 To enable debug output, set an environment variable i.e. export LOG_LEVEL='debug', or set log.setLogLevel(Level.DEBUG) in your run class.
2026-02-25T21:31:26,337  INFO EventsManagerImpl:210     > org.matsim.pt.router.TransitScheduleChangedEvent
2026-02-25T21:31:26,338  INFO EventsManagerImpl:139 === Logging of event-handlers skipped ===
2026-02-25T21:31:26,343  INFO EventsManagerImpl:140 To enable debug output, set an environment variable i.e. export LOG_LEVEL='debug', or set log.setLogLevel(Level.DEBUG) in your run class.
2026-02-25T21:31:26,345  INFO EventsManagerImpl:210     > org.matsim.pt.router.TransitScheduleChangedEvent
2026-02-25T21:31:26,353  INFO SwissRailRaptorData:106 Preparing data for SwissRailRaptor...
2026-02-25T21:31:26,463  INFO SwissRailRaptorData:313 SwissRailRaptor data preparation done. Took 0 seconds.
2026-02-25T21:31:26,464  INFO SwissRailRaptorData:314 SwissRailRaptor statistics:  #routes = 10
2026-02-25T21:31:26,465  INFO SwissRailRaptorData:315 SwissRailRaptor statistics:  #departures = 2050
2026-02-25T21:31:26,466  INFO SwissRailRaptorData:316 SwissRailRaptor statistics:  #routeStops = 158
2026-02-25T21:31:26,467  INFO SwissRailRaptorData:317 SwissRailRaptor statistics:  #stopFacilities = 150
2026-02-25T21:31:26,468  INFO SwissRailRaptorData:318 SwissRailRaptor statistics:  #transfers (between routeStops) = 71
2026-02-25T21:31:26,469  INFO SwissRailRaptorData:319 SwissRailRaptor statistics:  #chainedDepartures = 0
2026-02-25T21:31:26,487  INFO NetworkImpl:164  node # 1
2026-02-25T21:31:26,488  INFO NetworkImpl:164  node # 4
2026-02-25T21:31:26,491  INFO NetworkImpl:164  node # 16
2026-02-25T21:31:26,492  INFO NetworkImpl:164  node # 64
2026-02-25T21:31:26,493  INFO NetworkImpl:164  node # 256
2026-02-25T21:31:26,497  INFO NetworkImpl:164  node # 1024
2026-02-25T21:31:26,501  INFO NetworkImpl:160  link # 1
2026-02-25T21:31:26,502  INFO NetworkImpl:160  link # 4
2026-02-25T21:31:26,504  INFO NetworkImpl:160  link # 16
2026-02-25T21:31:26,508  INFO NetworkImpl:160  link # 64
2026-02-25T21:31:26,517  INFO NetworkImpl:160  link # 256
2026-02-25T21:31:26,536  INFO NetworkImpl:160  link # 1024
2026-02-25T21:31:26,608  INFO NetworkRoutingProvider:155 Checking network for mode 'car' for consistency...
2026-02-25T21:31:26,634  INFO MultimodalNetworkCleaner:104 running org.matsim.core.network.algorithms.MultimodalNetworkCleaner algorithm for modes [car] with connectivity modes []...
2026-02-25T21:31:26,649  INFO MultimodalNetworkCleaner:108   checking 1810 nodes and 3359 links for dead-ends...
2026-02-25T21:31:26,752  INFO MultimodalNetworkCleaner:126     The biggest cluster consists of 3359 links.
2026-02-25T21:31:26,753  INFO MultimodalNetworkCleaner:127   done.
2026-02-25T21:31:26,761  INFO MultimodalNetworkCleaner:151   resulting network contains 1810 nodes and 3359 links.
2026-02-25T21:31:26,764  INFO MultimodalNetworkCleaner:153 done.
2026-02-25T21:31:26,803  INFO RandomizingTimeDistanceTravelDisutilityFactory:86  sigma: 3.0; resulting normalization: 0.011108996538242306
2026-02-25T21:31:26,816  INFO NetworkImpl:164  node # 1
2026-02-25T21:31:26,817  INFO NetworkImpl:164  node # 4
2026-02-25T21:31:26,821  INFO NetworkImpl:164  node # 16
2026-02-25T21:31:26,822  INFO NetworkImpl:164  node # 64
2026-02-25T21:31:26,833  INFO NetworkImpl:164  node # 256
2026-02-25T21:31:26,838  INFO NetworkImpl:164  node # 1024
2026-02-25T21:31:26,866  INFO NetworkImpl:160  link # 1
2026-02-25T21:31:26,869  INFO NetworkImpl:160  link # 4
2026-02-25T21:31:26,870  INFO NetworkImpl:160  link # 16
2026-02-25T21:31:26,871  INFO NetworkImpl:160  link # 64
2026-02-25T21:31:26,875  INFO NetworkImpl:160  link # 256
2026-02-25T21:31:26,909  INFO NetworkImpl:160  link # 1024
2026-02-25T21:31:26,959  INFO NetworkRoutingProvider:155 Checking network for mode 'pedestrian' for consistency...
2026-02-25T21:31:26,967  INFO MultimodalNetworkCleaner:104 running org.matsim.core.network.algorithms.MultimodalNetworkCleaner algorithm for modes [pedestrian] with connectivity modes []...
2026-02-25T21:31:26,968  INFO MultimodalNetworkCleaner:108   checking 1810 nodes and 3359 links for dead-ends...
2026-02-25T21:31:27,027  INFO MultimodalNetworkCleaner:126     The biggest cluster consists of 3359 links.
2026-02-25T21:31:27,028  INFO MultimodalNetworkCleaner:127   done.
2026-02-25T21:31:27,034  INFO MultimodalNetworkCleaner:151   resulting network contains 1810 nodes and 3359 links.
2026-02-25T21:31:27,036  INFO MultimodalNetworkCleaner:153 done.
2026-02-25T21:31:27,052  INFO RandomizingTimeDistanceTravelDisutilityFactory:86  sigma: 3.0; resulting normalization: 0.011108996538242306
2026-02-25T21:31:27,053  INFO NetworkImpl:164  node # 1
2026-02-25T21:31:27,056  INFO NetworkImpl:164  node # 4
2026-02-25T21:31:27,058  INFO NetworkImpl:164  node # 16
2026-02-25T21:31:27,066  INFO NetworkImpl:164  node # 64
2026-02-25T21:31:27,068  INFO NetworkImpl:164  node # 256
2026-02-25T21:31:27,069  INFO NetworkImpl:164  node # 1024
2026-02-25T21:31:27,071  INFO NetworkImpl:160  link # 1
2026-02-25T21:31:27,072  INFO NetworkImpl:160  link # 4
2026-02-25T21:31:27,077  INFO NetworkImpl:160  link # 16
2026-02-25T21:31:27,083  INFO NetworkImpl:160  link # 64
2026-02-25T21:31:27,085  INFO NetworkImpl:160  link # 256
2026-02-25T21:31:27,097  INFO NetworkImpl:160  link # 1024
2026-02-25T21:31:27,136  INFO NetworkImpl:160  link # 4096
2026-02-25T21:31:27,172  INFO NetworkRoutingProvider:155 Checking network for mode 'bike' for consistency...
2026-02-25T21:31:27,189  INFO MultimodalNetworkCleaner:104 running org.matsim.core.network.algorithms.MultimodalNetworkCleaner algorithm for modes [bike] with connectivity modes []...
2026-02-25T21:31:27,195  INFO MultimodalNetworkCleaner:108   checking 1810 nodes and 6718 links for dead-ends...
2026-02-25T21:31:27,271  INFO MultimodalNetworkCleaner:126     The biggest cluster consists of 6718 links.
2026-02-25T21:31:27,273  INFO MultimodalNetworkCleaner:127   done.
2026-02-25T21:31:27,284  INFO MultimodalNetworkCleaner:151   resulting network contains 1810 nodes and 6718 links.
2026-02-25T21:31:27,285  INFO MultimodalNetworkCleaner:153 done.
2026-02-25T21:31:27,302  INFO RandomizingTimeDistanceTravelDisutilityFactory:86  sigma: 3.0; resulting normalization: 0.011108996538242306
2026-02-25T21:31:27,333  INFO RandomizingTimeDistanceTravelDisutilityFactory:86  sigma: 3.0; resulting normalization: 0.011108996538242306
2026-02-25T21:31:27,337  INFO RandomizingTimeDistanceTravelDisutilityFactory:86  sigma: 3.0; resulting normalization: 0.011108996538242306
2026-02-25T21:31:27,339  INFO RandomizingTimeDistanceTravelDisutilityFactory:86  sigma: 3.0; resulting normalization: 0.011108996538242306
2026-02-25T21:31:27,399  INFO Counter:70 [PersonPrepareForSim] handled person # 1
2026-02-25T21:31:27,401  INFO Counter:70 [PersonPrepareForSim] handled person # 2
2026-02-25T21:31:27,414  INFO Counter:70 [PersonPrepareForSim] handled person # 4
2026-02-25T21:31:27,457  INFO Counter:70 [PersonPrepareForSim] handled person # 8
2026-02-25T21:31:27,469  INFO NetworkImpl:418 building QuadTree for nodes: xrange(678125.237,687483.1438); yrange(4818749.2408,4832295.5857)
2026-02-25T21:31:27,476  INFO NetworkImpl:427 Building QuadTree took 0.008 seconds.
2026-02-25T21:31:27,483  INFO Counter:70 [PersonPrepareForSim] handled person # 16
2026-02-25T21:31:27,546  INFO Counter:70 [PersonPrepareForSim] handled person # 32
2026-02-25T21:31:27,636  INFO Counter:70 [PersonPrepareForSim] handled person # 64
2026-02-25T21:31:27,818  INFO Counter:70 [PersonPrepareForSim] handled person # 128
2026-02-25T21:31:28,000  INFO Counter:70 [PersonPrepareForSim] handled person # 256
2026-02-25T21:31:28,435  INFO Counter:70 [PersonPrepareForSim] handled person # 512
2026-02-25T21:31:28,907  INFO Counter:70 [PersonPrepareForSim] handled person # 1024
2026-02-25T21:31:29,501  INFO Counter:70 [PersonPrepareForSim] handled person # 2048
2026-02-25T21:31:30,982  INFO Counter:70 [PersonPrepareForSim] handled person # 4096
2026-02-25T21:31:33,196  INFO Counter:70 [PersonPrepareForSim] handled person # 8192
2026-02-25T21:31:33,321  INFO Counter:75 [PersonPrepareForSim] handled person # 8385
2026-02-25T21:31:33,331  INFO AbstractController:136 ###################################################
2026-02-25T21:31:33,333  INFO AbstractController:137 ### ITERATION 0 BEGINS
2026-02-25T21:31:33,346  INFO ControllerListenerManagerImpl:188 calling notifyIterationStarts on org.matsim.analysis.LegTimesControllerListener with priority 0.0
2026-02-25T21:31:33,350  INFO EventsManagerImpl:139 === Logging of event-handlers skipped ===
2026-02-25T21:31:33,356  INFO EventsManagerImpl:140 To enable debug output, set an environment variable i.e. export LOG_LEVEL='debug', or set log.setLogLevel(Level.DEBUG) in your run class.
2026-02-25T21:31:33,358  INFO EventsManagerImpl:210     > org.matsim.api.core.v01.events.PersonDepartureEvent
2026-02-25T21:31:33,359  INFO EventsManagerImpl:210     > org.matsim.api.core.v01.events.PersonArrivalEvent
2026-02-25T21:31:33,360  INFO EventsManagerImpl:210     > org.matsim.api.core.v01.events.ActivityEndEvent
2026-02-25T21:31:33,361  INFO EventsManagerImpl:210     > org.matsim.api.core.v01.events.ActivityStartEvent
2026-02-25T21:31:33,362  INFO EventsManagerImpl:139 === Logging of event-handlers skipped ===
2026-02-25T21:31:33,366  INFO EventsManagerImpl:140 To enable debug output, set an environment variable i.e. export LOG_LEVEL='debug', or set log.setLogLevel(Level.DEBUG) in your run class.
2026-02-25T21:31:33,372  INFO EventsManagerImpl:210     > org.matsim.api.core.v01.events.PersonDepartureEvent
2026-02-25T21:31:33,374  INFO EventsManagerImpl:210     > org.matsim.api.core.v01.events.PersonArrivalEvent
2026-02-25T21:31:33,375  INFO EventsManagerImpl:210     > org.matsim.api.core.v01.events.ActivityEndEvent
2026-02-25T21:31:33,376  INFO EventsManagerImpl:210     > org.matsim.api.core.v01.events.ActivityStartEvent
2026-02-25T21:31:33,377  INFO ControllerListenerManagerImpl:188 calling notifyIterationStarts on org.matsim.analysis.LegHistogramListener with priority 0.0
2026-02-25T21:31:33,379  INFO EventsManagerImpl:139 === Logging of event-handlers skipped ===
2026-02-25T21:31:33,380  INFO EventsManagerImpl:140 To enable debug output, set an environment variable i.e. export LOG_LEVEL='debug', or set log.setLogLevel(Level.DEBUG) in your run class.
2026-02-25T21:31:33,383  INFO EventsManagerImpl:210     > org.matsim.api.core.v01.events.PersonDepartureEvent
2026-02-25T21:31:33,389  INFO EventsManagerImpl:210     > org.matsim.api.core.v01.events.PersonArrivalEvent
2026-02-25T21:31:33,390  INFO EventsManagerImpl:210     > org.matsim.api.core.v01.events.PersonStuckEvent
2026-02-25T21:31:33,392  INFO EventsManagerImpl:139 === Logging of event-handlers skipped ===
2026-02-25T21:31:33,393  INFO EventsManagerImpl:140 To enable debug output, set an environment variable i.e. export LOG_LEVEL='debug', or set log.setLogLevel(Level.DEBUG) in your run class.
2026-02-25T21:31:33,394  INFO EventsManagerImpl:210     > org.matsim.api.core.v01.events.PersonDepartureEvent
2026-02-25T21:31:33,394  INFO EventsManagerImpl:210     > org.matsim.api.core.v01.events.PersonArrivalEvent
2026-02-25T21:31:33,395  INFO EventsManagerImpl:210     > org.matsim.api.core.v01.events.PersonStuckEvent
2026-02-25T21:31:33,396  INFO ControllerListenerManagerImpl:188 calling notifyIterationStarts on org.matsim.analysis.LinkStatsControllerListener with priority 0.0
2026-02-25T21:31:33,399  INFO ControllerListenerManagerImpl:188 calling notifyIterationStarts on org.matsim.withinday.siouxfalls.src.modules.RLStartupListener with priority 0.0
2026-02-25T21:31:33,404  INFO ControllerListenerManagerImpl:188 calling notifyIterationStarts on org.matsim.core.replanning.ReplanningContextImpl with priority 0.0
2026-02-25T21:31:33,405  INFO ControllerListenerManagerImpl:188 calling notifyIterationStarts on org.matsim.core.scoring.ScoringFunctionsForPopulation$$Lambda/0x000000003d2e8e80 with priority 0.0
2026-02-25T21:31:33,541  INFO ControllerListenerManagerImpl:188 calling notifyIterationStarts on org.matsim.core.scoring.ExperiencedPlansServiceImpl$1 with priority 0.0
2026-02-25T21:31:33,548  INFO ControllerListenerManagerImpl:191 [it.0] all ControllerIterationStartsListeners called.
2026-02-25T21:31:33,554  INFO ControllerListenerManagerImpl:293 calling notifyBeforeMobsim on org.matsim.core.controler.corelisteners.EventsHandlingImpl with priority 0.0
2026-02-25T21:31:33,564  INFO EventsManagerImpl:173 resetting Event-Handlers
2026-02-25T21:31:33,567  INFO EventsManagerImpl:180   org.matsim.withinday.replanning.identifiers.tools.ActivityReplanningMap
2026-02-25T21:31:33,572  INFO EventsManagerImpl:180   org.matsim.withinday.trafficmonitoring.EarliestLinkExitTimeProvider
2026-02-25T21:31:33,573  INFO EventsManagerImpl:180   org.matsim.withinday.replanning.identifiers.tools.LinkReplanningMap
2026-02-25T21:31:33,574  INFO EventsManagerImpl:180   org.matsim.withinday.trafficmonitoring.WithinDayTravelTime
2026-02-25T21:31:33,584  INFO EventsManagerImpl:180   org.matsim.analysis.LegHistogram
2026-02-25T21:31:33,589  INFO EventsManagerImpl:180   org.matsim.withinday.siouxfalls.src.modules.RewardHandler
2026-02-25T21:31:33,590  INFO EventsManagerImpl:180   org.matsim.analysis.CalcLegTimes
2026-02-25T21:31:33,591  INFO EventsManagerImpl:180   org.matsim.analysis.VolumesAnalyzer
2026-02-25T21:31:33,593  INFO EventsManagerImpl:180   org.matsim.core.scoring.ScoringFunctionsForPopulation
2026-02-25T21:31:33,594  INFO EventsManagerImpl:180   ch.sbb.matsim.routing.pt.raptor.SwissRailRaptorFactory$$Lambda/0x000000003d393150
2026-02-25T21:31:33,609  INFO EventsManagerImpl:139 === Logging of event-handlers skipped ===
2026-02-25T21:31:33,610  INFO EventsManagerImpl:140 To enable debug output, set an environment variable i.e. export LOG_LEVEL='debug', or set log.setLogLevel(Level.DEBUG) in your run class.
2026-02-25T21:31:33,611  INFO EventsManagerImpl:210     > org.matsim.api.core.v01.events.Event
2026-02-25T21:31:33,612  INFO EventsManagerImpl:139 === Logging of event-handlers skipped ===
2026-02-25T21:31:33,612  INFO EventsManagerImpl:140 To enable debug output, set an environment variable i.e. export LOG_LEVEL='debug', or set log.setLogLevel(Level.DEBUG) in your run class.
2026-02-25T21:31:33,613  INFO EventsManagerImpl:210     > org.matsim.api.core.v01.events.Event
2026-02-25T21:31:33,614  INFO ControllerListenerManagerImpl:293 calling notifyBeforeMobsim on org.matsim.core.controler.corelisteners.PlansDumpingImpl with priority 0.0
2026-02-25T21:31:33,616  INFO PlansDumpingImpl:78 dumping plans...
2026-02-25T21:31:33,670  INFO Counter:70 [PopulationWriter] dumped person # 1
2026-02-25T21:31:33,673  INFO Counter:70 [PopulationWriter] dumped person # 2
2026-02-25T21:31:33,675  INFO Counter:70 [PopulationWriter] dumped person # 4
2026-02-25T21:31:33,676  INFO Counter:70 [PopulationWriter] dumped person # 8
2026-02-25T21:31:33,678  INFO Counter:70 [PopulationWriter] dumped person # 16
2026-02-25T21:31:33,680  INFO Counter:70 [PopulationWriter] dumped person # 32
2026-02-25T21:31:33,682  INFO Counter:70 [PopulationWriter] dumped person # 64
2026-02-25T21:31:33,684  INFO Counter:70 [PopulationWriter] dumped person # 128
2026-02-25T21:31:33,712  INFO Counter:70 [PopulationWriter] dumped person # 256
2026-02-25T21:31:33,725  INFO Counter:70 [PopulationWriter] dumped person # 512
2026-02-25T21:31:33,826  INFO Counter:70 [ParallelPopulationWriterV6] dumped person # 1
2026-02-25T21:31:33,926  INFO Counter:70 [ParallelPopulationWriterV6] dumped person # 2
2026-02-25T21:31:34,064  INFO Counter:70 [ParallelPopulationWriterV6] dumped person # 4
2026-02-25T21:31:34,151  INFO Counter:70 [ParallelPopulationWriterV6] dumped person # 8
2026-02-25T21:31:34,200  INFO Counter:70 [ParallelPopulationWriterV6] dumped person # 16
2026-02-25T21:31:34,244  INFO Counter:70 [PopulationWriter] dumped person # 1024
2026-02-25T21:31:34,251  INFO Counter:70 [ParallelPopulationWriterV6] dumped person # 32
2026-02-25T21:31:34,279  INFO Counter:70 [ParallelPopulationWriterV6] dumped person # 64
2026-02-25T21:31:34,326  INFO Counter:70 [ParallelPopulationWriterV6] dumped person # 128
2026-02-25T21:31:34,423  INFO Counter:70 [ParallelPopulationWriterV6] dumped person # 256
2026-02-25T21:31:34,562  INFO Counter:70 [ParallelPopulationWriterV6] dumped person # 512
2026-02-25T21:31:34,808  INFO Counter:70 [ParallelPopulationWriterV6] dumped person # 1024
2026-02-25T21:31:34,821  INFO Counter:70 [PopulationWriter] dumped person # 2048
2026-02-25T21:31:35,279  INFO Counter:70 [ParallelPopulationWriterV6] dumped person # 2048
2026-02-25T21:31:35,842  INFO Counter:70 [PopulationWriter] dumped person # 4096
2026-02-25T21:31:36,167  INFO Counter:70 [ParallelPopulationWriterV6] dumped person # 4096
2026-02-25T21:31:36,829  INFO Counter:70 [PopulationWriter] dumped person # 8192
2026-02-25T21:31:36,975  INFO Counter:70 [ParallelPopulationWriterV6] dumped person # 8192
2026-02-25T21:31:37,013  INFO Counter:75 [ParallelPopulationWriterV6] dumped person # 8385
2026-02-25T21:31:37,014  INFO PopulationWriter:150 Population written to: scenarios\sioux-falls\modified\output/ITERS/it.0/0.plans.xml.gz
2026-02-25T21:31:37,016  INFO Counter:75 [PopulationWriter] dumped person # 8385
2026-02-25T21:31:37,017  INFO PlansDumpingImpl:95 finished plans dump.
2026-02-25T21:31:37,019  INFO ControllerListenerManagerImpl:299 calling notifyBeforeMobsim on org.matsim.core.population.VspPlansCleaner with priority 0.0
2026-02-25T21:31:37,083  INFO ControllerListenerManagerImpl:302 [it.0] all ControlerBeforeMobsimListeners called.
2026-02-25T21:31:37,088  INFO PrepareForMobsimImpl:86 Network seems to be multimodal. Create car-only network which is handed over to PersonPrepareForSim.
2026-02-25T21:31:37,089  INFO NetworkImpl:164  node # 1
2026-02-25T21:31:37,091  INFO NetworkImpl:164  node # 4
2026-02-25T21:31:37,092  INFO NetworkImpl:164  node # 16
2026-02-25T21:31:37,094  INFO NetworkImpl:164  node # 64
2026-02-25T21:31:37,098  INFO NetworkImpl:164  node # 256
2026-02-25T21:31:37,101  INFO NetworkImpl:164  node # 1024
2026-02-25T21:31:37,105  INFO NetworkImpl:160  link # 1
2026-02-25T21:31:37,113  INFO NetworkImpl:160  link # 4
2026-02-25T21:31:37,115  INFO NetworkImpl:160  link # 16
2026-02-25T21:31:37,117  INFO NetworkImpl:160  link # 64
2026-02-25T21:31:37,129  INFO NetworkImpl:160  link # 256
2026-02-25T21:31:37,137  INFO NetworkImpl:160  link # 1024
2026-02-25T21:31:37,163  INFO RandomizingTimeDistanceTravelDisutilityFactory:86  sigma: 3.0; resulting normalization: 0.011108996538242306
2026-02-25T21:31:37,164  INFO RandomizingTimeDistanceTravelDisutilityFactory:86  sigma: 3.0; resulting normalization: 0.011108996538242306
2026-02-25T21:31:37,165  INFO RandomizingTimeDistanceTravelDisutilityFactory:86  sigma: 3.0; resulting normalization: 0.011108996538242306
2026-02-25T21:31:37,170  INFO RandomizingTimeDistanceTravelDisutilityFactory:86  sigma: 3.0; resulting normalization: 0.011108996538242306
2026-02-25T21:31:37,184  INFO Counter:70 [PersonPrepareForSim] handled person # 1
2026-02-25T21:31:37,187  INFO Counter:70 [PersonPrepareForSim] handled person # 2
2026-02-25T21:31:37,195  INFO Counter:70 [PersonPrepareForSim] handled person # 4
2026-02-25T21:31:37,198  INFO Counter:70 [PersonPrepareForSim] handled person # 8
2026-02-25T21:31:37,199  INFO Counter:70 [PersonPrepareForSim] handled person # 16
2026-02-25T21:31:37,229  INFO Counter:70 [PersonPrepareForSim] handled person # 64
2026-02-25T21:31:37,215  INFO Counter:70 [PersonPrepareForSim] handled person # 32
2026-02-25T21:31:37,235  INFO Counter:70 [PersonPrepareForSim] handled person # 128
2026-02-25T21:31:37,243  INFO Counter:70 [PersonPrepareForSim] handled person # 256
2026-02-25T21:31:37,254  INFO Counter:70 [PersonPrepareForSim] handled person # 512
2026-02-25T21:31:37,275  INFO Counter:70 [PersonPrepareForSim] handled person # 1024
2026-02-25T21:31:37,308  INFO Counter:70 [PersonPrepareForSim] handled person # 2048
2026-02-25T21:31:37,359  INFO Counter:70 [PersonPrepareForSim] handled person # 4096
2026-02-25T21:31:37,446  INFO Counter:70 [PersonPrepareForSim] handled person # 8192
2026-02-25T21:31:37,473  INFO Counter:75 [PersonPrepareForSim] handled person # 8385
2026-02-25T21:31:37,478  INFO WithinDayQSimFactory:61 Adding WithinDayEngine to Mobsim.
2026-02-25T21:31:37,659  INFO Injector:86 === printInjector output skipped ===
2026-02-25T21:31:37,660  INFO Injector:87 To enable debug output, set an environment variable i.e. export LOG_LEVEL='debug', or set log.setLogLevel(Level.DEBUG) in your run class.
2026-02-25T21:31:37,878  INFO QSimProvider:131 Added MobsimEngine class org.matsim.core.mobsim.qsim.ActivityEngineDefaultImpl
2026-02-25T21:31:37,879  INFO QSimProvider:137 Added Activityhandler class org.matsim.core.mobsim.qsim.ActivityEngineDefaultImpl
2026-02-25T21:31:38,000  WARN QueueWithBuffer:515 Link 237059098_1_sidewalk too small: enlarge storage capacity from: 0.27775 Vehicles to: 2.8253834590384614 Vehicles.  This is not fatal, but modifies the traffic flow dynamics.
2026-02-25T21:31:38,002  WARN QueueWithBuffer:515 Link 9902762_1_sidewalk too small: enlarge storage capacity from: 2.6995486933333335 Vehicles to: 43.25767209076923 Vehicles.  This is not fatal, but modifies the traffic flow dynamics.
2026-02-25T21:31:38,003  WARN QueueWithBuffer:515 Link 73803813_1_sidewalk too small: enlarge storage capacity from: 5.797440253333334 Vehicles to: 92.8984055978846 Vehicles.  This is not fatal, but modifies the traffic flow dynamics.
2026-02-25T21:31:38,004  WARN QueueWithBuffer:515 Link 9905412_0_r_sidewalk too small: enlarge storage capacity from: 1.3395424533333333 Vehicles to: 21.46487979307692 Vehicles.  This is not fatal, but modifies the traffic flow dynamics.
2026-02-25T21:31:38,005  WARN QueueWithBuffer:515 Link 236805320_2L3_sidewalk too small: enlarge storage capacity from: 6.35116548 Vehicles to: 101.77131992711537 Vehicles.  This is not fatal, but modifies the traffic flow dynamics.
2026-02-25T21:31:38,006  WARN QueueWithBuffer:515 Link 237172233_0_sidewalk too small: enlarge storage capacity from: 6.341838840000001 Vehicles to: 101.62186948903846 Vehicles.  This is not fatal, but modifies the traffic flow dynamics.
2026-02-25T21:31:38,008  WARN QueueWithBuffer:515 Link 237784508_4_r_sidewalk too small: enlarge storage capacity from: 5.359066386666667 Vehicles to: 85.8738858978846 Vehicles.  This is not fatal, but modifies the traffic flow dynamics.
2026-02-25T21:31:38,011  WARN QueueWithBuffer:515 Link 9904814_7_rL1_sidewalk too small: enlarge storage capacity from: 5.408024080000001 Vehicles to: 86.65838585884615 Vehicles.  This is not fatal, but modifies the traffic flow dynamics.
2026-02-25T21:31:38,018  WARN QueueWithBuffer:515 Link 9903665_2_r_sidewalk too small: enlarge storage capacity from: 2.6288444533333335 Vehicles to: 42.12470462961538 Vehicles.  This is not fatal, but modifies the traffic flow dynamics.
2026-02-25T21:31:38,019  WARN QueueWithBuffer:515 Link 236796987_5_sidewalk too small: enlarge storage capacity from: 2.8883091600000004 Vehicles to: 46.28237706865385 Vehicles.  This is not fatal, but modifies the traffic flow dynamics.
2026-02-25T21:31:38,023  WARN QueueWithBuffer:515 Link 236799143_0_sidewalk too small: enlarge storage capacity from: 1.1398134800000002 Vehicles to: 18.2644150425 Vehicles.  This is not fatal, but modifies the traffic flow dynamics.
2026-02-25T21:31:38,025  WARN QueueWithBuffer:518 Additional warnings of this type are suppressed.
2026-02-25T21:31:38,096  INFO QSimProvider:131 Added MobsimEngine class org.matsim.core.mobsim.qsim.qnetsimengine.QNetsimEngineWithThreadpool
2026-02-25T21:31:38,098  INFO QSimProvider:143 Added DepartureHandler class org.matsim.core.mobsim.qsim.qnetsimengine.NetworkModeDepartureHandlerDefaultImpl
2026-02-25T21:31:38,105  INFO QSimProvider:131 Added MobsimEngine class org.matsim.core.mobsim.qsim.DefaultTeleportationEngine
2026-02-25T21:31:38,106  INFO QSimProvider:143 Added DepartureHandler class org.matsim.core.mobsim.qsim.DefaultTeleportationEngine
2026-02-25T21:31:38,108  INFO QSimProvider:149 Added AgentSource class org.matsim.core.mobsim.qsim.agents.PopulationAgentSource
2026-02-25T21:31:38,110  INFO MobsimListenerManager:50 calling addQueueSimulationListener
2026-02-25T21:31:38,117  INFO MobsimListenerManager:54   assigned class org.matsim.core.mobsim.framework.listeners.MobsimListener to interface org.matsim.core.mobsim.qsim.messagequeueengine.MessageQueueEngine
2026-02-25T21:31:38,119  INFO MobsimListenerManager:54   assigned class org.matsim.core.mobsim.framework.listeners.MobsimListener to interface org.matsim.core.mobsim.framework.listeners.MobsimBeforeSimStepListener
2026-02-25T21:31:38,123  INFO MobsimListenerManager:54   assigned class org.matsim.core.mobsim.framework.listeners.MobsimListener to interface org.matsim.core.mobsim.framework.listeners.MobsimListener
2026-02-25T21:31:38,131  INFO QSimProvider:155 Added MobsimListener class org.matsim.core.mobsim.qsim.messagequeueengine.MessageQueueEngine
2026-02-25T21:31:38,132  INFO QSimProvider:131 Added MobsimEngine class org.matsim.core.mobsim.qsim.pt.TransitQSimEngine
2026-02-25T21:31:38,133  INFO QSimProvider:143 Added DepartureHandler class org.matsim.core.mobsim.qsim.pt.TransitQSimEngine
2026-02-25T21:31:38,134  INFO QSimProvider:149 Added AgentSource class org.matsim.core.mobsim.qsim.pt.TransitQSimEngine
2026-02-25T21:31:38,134  INFO MobsimListenerManager:50 calling addQueueSimulationListener
2026-02-25T21:31:38,139  INFO MobsimListenerManager:54   assigned class org.matsim.core.mobsim.framework.listeners.MobsimListener to interface org.matsim.core.mobsim.framework.listeners.MobsimBeforeCleanupListener
2026-02-25T21:31:38,144  INFO MobsimListenerManager:54   assigned class org.matsim.core.mobsim.framework.listeners.MobsimListener to interface org.matsim.core.mobsim.framework.listeners.MobsimAfterSimStepListener
2026-02-25T21:31:38,147  INFO MobsimListenerManager:54   assigned class org.matsim.core.mobsim.framework.listeners.MobsimListener to interface org.matsim.core.mobsim.framework.listeners.MobsimBeforeSimStepListener
2026-02-25T21:31:38,147  INFO MobsimListenerManager:54   assigned class org.matsim.core.mobsim.framework.listeners.MobsimListener to interface org.matsim.core.mobsim.framework.listeners.MobsimListener
2026-02-25T21:31:38,148  INFO MobsimListenerManager:54   assigned class org.matsim.core.mobsim.framework.listeners.MobsimListener to interface org.matsim.withinday.trafficmonitoring.WithinDayTravelTime
2026-02-25T21:31:38,149  INFO MobsimListenerManager:54   assigned class org.matsim.core.mobsim.framework.listeners.MobsimListener to interface org.matsim.core.mobsim.framework.listeners.MobsimInitializedListener
2026-02-25T21:31:38,150  INFO QSimProvider:155 Added MobsimListener class org.matsim.withinday.trafficmonitoring.WithinDayTravelTime
2026-02-25T21:31:38,151  INFO QSimProvider:131 Added MobsimEngine class org.matsim.withinday.mobsim.WithinDayEngine
2026-02-25T21:31:38,151  INFO MobsimListenerManager:50 calling addQueueSimulationListener
2026-02-25T21:31:38,163  INFO MobsimListenerManager:54   assigned class org.matsim.core.mobsim.framework.listeners.MobsimListener to interface org.matsim.core.mobsim.framework.listeners.MobsimBeforeCleanupListener
2026-02-25T21:31:38,163  INFO MobsimListenerManager:54   assigned class org.matsim.core.mobsim.framework.listeners.MobsimListener to interface org.matsim.core.mobsim.framework.listeners.MobsimAfterSimStepListener
2026-02-25T21:31:38,164  INFO MobsimListenerManager:54   assigned class org.matsim.core.mobsim.framework.listeners.MobsimListener to interface org.matsim.core.mobsim.framework.listeners.MobsimBeforeSimStepListener
2026-02-25T21:31:38,165  INFO MobsimListenerManager:54   assigned class org.matsim.core.mobsim.framework.listeners.MobsimListener to interface org.matsim.core.mobsim.framework.listeners.FixedOrderSimulationListener
2026-02-25T21:31:38,165  INFO MobsimListenerManager:54   assigned class org.matsim.core.mobsim.framework.listeners.MobsimListener to interface org.matsim.core.mobsim.framework.listeners.MobsimListener
2026-02-25T21:31:38,168  INFO MobsimListenerManager:54   assigned class org.matsim.core.mobsim.framework.listeners.MobsimListener to interface org.matsim.core.mobsim.framework.listeners.MobsimInitializedListener
2026-02-25T21:31:38,168  INFO QSimProvider:155 Added MobsimListener class org.matsim.core.mobsim.framework.listeners.FixedOrderSimulationListener
2026-02-25T21:31:38,262  INFO VehicleUtils:431 adding scenario element for allvehicles container
2026-02-25T21:31:38,500  INFO Counter:70 [VehiclesImpl] added vehicle # 1
2026-02-25T21:31:38,597  INFO Counter:70 [VehiclesImpl] added vehicle # 2
2026-02-25T21:31:38,612  INFO Counter:70 [VehiclesImpl] added vehicle # 4
2026-02-25T21:31:38,617  INFO Counter:70 [VehiclesImpl] added vehicle # 8
2026-02-25T21:31:38,619  INFO Counter:70 [VehiclesImpl] added vehicle # 16
2026-02-25T21:31:38,674  INFO Counter:70 [VehiclesImpl] added vehicle # 32
2026-02-25T21:31:38,705  INFO Counter:70 [VehiclesImpl] added vehicle # 64
2026-02-25T21:31:38,713  INFO Counter:70 [VehiclesImpl] added vehicle # 128
2026-02-25T21:31:38,733  INFO Counter:70 [VehiclesImpl] added vehicle # 256
2026-02-25T21:31:38,747  INFO Counter:70 [VehiclesImpl] added vehicle # 512
2026-02-25T21:31:38,761  INFO Counter:70 [VehiclesImpl] added vehicle # 1024
2026-02-25T21:31:38,778  INFO Counter:70 [VehiclesImpl] added vehicle # 2048
2026-02-25T21:31:38,819  INFO Counter:70 [VehiclesImpl] added vehicle # 4096
2026-02-25T21:31:38,881  INFO PopulationUtils:1302 adding scenario element for allpersons container
2026-02-25T21:31:38,883  INFO PopulationImpl:111  person # 1
2026-02-25T21:31:38,885  INFO PopulationImpl:111  person # 4
2026-02-25T21:31:38,893  INFO PopulationImpl:111  person # 16
2026-02-25T21:31:38,931  INFO PopulationImpl:111  person # 64
2026-02-25T21:31:38,976  INFO PopulationImpl:111  person # 256
2026-02-25T21:31:39,147  INFO PopulationImpl:111  person # 1024
2026-02-25T21:31:39,441  INFO PopulationImpl:111  person # 4096
2026-02-25T21:31:39,692  INFO ReconstructingUmlaufBuilder:123 Generating rotation segments
2026-02-25T21:31:39,730  INFO ReconstructingUmlaufBuilder:133 Finished generating rotation segments
2026-02-25T21:31:39,919  INFO AbstractQNetsimEngine:421 Assigned 905 nodes and 3400 links to QSimEngineRunner #0
2026-02-25T21:31:39,925  INFO AbstractQNetsimEngine:421 Assigned 905 nodes and 3318 links to QSimEngineRunner #1
2026-02-25T21:31:40,134  INFO WithinDayTravelTime:442 WithinDayTravelTime at 05:00:00 #links=0
2026-02-25T21:31:40,194  INFO EventsManagerImpl:116  event # 1
2026-02-25T21:31:40,218  INFO EventsManagerImpl:116  event # 4
2026-02-25T21:31:40,228  INFO EventsManagerImpl:116  event # 16
2026-02-25T21:31:40,250  INFO AbstractQNetsimEngine:359 SIMULATION (QNetsimEngine) AT 05:00:00 : #links=0 #nodes=10
2026-02-25T21:31:40,266  INFO QSim:551 SIMULATION (NEW QSim) AT 05:00:00 : #active agents=10435 lost=0 simT=0.0s realT=2s; (s/r): 0.0
2026-02-25T21:31:40,275  INFO EventsManagerImpl:116  event # 64
2026-02-25T21:31:40,348  INFO EventsManagerImpl:116  event # 256
2026-02-25T21:31:40,529  INFO EventsManagerImpl:116  event # 1024
2026-02-25T21:31:40,592  INFO Counter:70 WithinDayTravelTime: enlarged time bin size: 1
2026-02-25T21:31:40,630  INFO Counter:70 WithinDayTravelTime: enlarged time bin size: 2
2026-02-25T21:31:40,856  INFO Counter:70 WithinDayTravelTime: shrunk time bin size: 1
2026-02-25T21:31:40,908  INFO Counter:70 WithinDayTravelTime: shrunk time bin size: 2
2026-02-25T21:31:41,050  INFO Counter:70 WithinDayTravelTime: enlarged time bin size: 4
2026-02-25T21:31:41,100  INFO EventsManagerImpl:116  event # 4096
2026-02-25T21:31:41,173  INFO Counter:70 WithinDayTravelTime: shrunk time bin size: 4
2026-02-25T21:31:41,465  INFO Counter:70 WithinDayTravelTime: enlarged time bin size: 8
2026-02-25T21:31:41,563  INFO Counter:70 WithinDayTravelTime: shrunk time bin size: 8
2026-02-25T21:31:41,858  INFO WithinDayTravelTime:442 WithinDayTravelTime at 06:00:00 #links=24
2026-02-25T21:31:41,863  INFO AbstractQNetsimEngine:359 SIMULATION (QNetsimEngine) AT 06:00:00 : #links=8 #nodes=14
2026-02-25T21:31:41,865  INFO QSim:551 SIMULATION (NEW QSim) AT 06:00:00 : #active agents=10324 lost=0 simT=3600.0s realT=4s; (s/r): 900.0
2026-02-25T21:31:42,163  INFO EventsManagerImpl:116  event # 16384
2026-02-25T21:31:42,204  INFO Counter:70 WithinDayTravelTime: enlarged time bin size: 16
2026-02-25T21:31:42,297  INFO Counter:70 WithinDayTravelTime: shrunk time bin size: 16
2026-02-25T21:31:43,014  INFO WithinDayTravelTime:442 WithinDayTravelTime at 07:00:00 #links=29
2026-02-25T21:31:43,018  INFO AbstractQNetsimEngine:359 SIMULATION (QNetsimEngine) AT 07:00:00 : #links=9 #nodes=15
2026-02-25T21:31:43,019  INFO QSim:551 SIMULATION (NEW QSim) AT 07:00:00 : #active agents=10204 lost=0 simT=7200.0s realT=5s; (s/r): 1440.0
2026-02-25T21:31:43,181  INFO NetworkModeDepartureHandlerDefaultImpl:109 teleport vehicle 19704_1_pedestrian from link 119405104_4 to link 119405104_4_r_sidewalk
2026-02-25T21:31:43,208  INFO NetworkModeDepartureHandlerDefaultImpl:109 teleport vehicle 30618_1_pedestrian from link 236019189_2L2 to link 236019189_2L2_sidewalk
2026-02-25T21:31:43,244  INFO NetworkModeDepartureHandlerDefaultImpl:109 teleport vehicle 13103_1_pedestrian from link 34521461_1 to link 34521461_1_r_sidewalk
2026-02-25T21:31:43,286  INFO NetworkModeDepartureHandlerDefaultImpl:109 teleport vehicle 31008_1_pedestrian from link 236669174_1_rL2 to link 236669174_1_rL2_sidewalk
2026-02-25T21:31:43,345  INFO NetworkModeDepartureHandlerDefaultImpl:109 teleport vehicle 32132_3_pedestrian from link 238283216_0L2 to link 238283216_0L2_sidewalk
2026-02-25T21:31:43,438  INFO NetworkModeDepartureHandlerDefaultImpl:109 teleport vehicle 30112_1_pedestrian from link 236019189_2L2 to link 236019189_2L2_sidewalk
2026-02-25T21:31:43,550  INFO Counter:70 WithinDayTravelTime: enlarged time bin size: 32
2026-02-25T21:31:43,572  INFO Counter:70 WithinDayTravelTime: shrunk time bin size: 32
2026-02-25T21:31:43,694  INFO NetworkModeDepartureHandlerDefaultImpl:109 teleport vehicle 11828_3_pedestrian from link 120486427_2 to link 120486427_2_r_sidewalk
2026-02-25T21:31:43,746  INFO NetworkModeDepartureHandlerDefaultImpl:109 teleport vehicle 12790_1_pedestrian from link 236020330_0_rL1 to link 236020330_0_rL1_sidewalk
2026-02-25T21:31:43,753  INFO NetworkModeDepartureHandlerDefaultImpl:109 teleport vehicle 31332_2_pedestrian from link 236019189_2L2 to link 236019189_2L2_sidewalk
2026-02-25T21:31:43,755  INFO NetworkModeDepartureHandlerDefaultImpl:111 No more occurrences of teleported vehicles will be reported.
2026-02-25T21:31:43,954  INFO Counter:70 WithinDayTravelTime: enlarged time bin size: 64
2026-02-25T21:31:44,258  INFO Counter:70 ParallelDuringActivityReplanner Thread0 replanned plans: 1
2026-02-25T21:31:44,342  INFO Counter:70 WithinDayTravelTime: shrunk time bin size: 64
2026-02-25T21:31:44,774  INFO Counter:70 WithinDayTravelTime: enlarged time bin size: 128
2026-02-25T21:31:44,993  INFO Counter:70 WithinDayTravelTime: shrunk time bin size: 128
2026-02-25T21:31:45,608  INFO Counter:70 WithinDayTravelTime: enlarged time bin size: 256
2026-02-25T21:31:46,104  INFO Counter:70 WithinDayTravelTime: shrunk time bin size: 256
2026-02-25T21:31:46,364  INFO EventsManagerImpl:116  event # 65536
2026-02-25T21:31:46,641  INFO Counter:70 WithinDayTravelTime: enlarged time bin size: 512
2026-02-25T21:31:46,868  INFO WithinDayTravelTime:442 WithinDayTravelTime at 08:00:00 #links=656
2026-02-25T21:31:46,924  INFO Counter:70 ParallelDuringActivityReplanner Thread1 replanned plans: 1
2026-02-25T21:31:46,926  INFO AbstractQNetsimEngine:359 SIMULATION (QNetsimEngine) AT 08:00:00 : #links=477 #nodes=48
2026-02-25T21:31:46,928  INFO QSim:551 SIMULATION (NEW QSim) AT 08:00:00 : #active agents=10090 lost=0 simT=10800.0s realT=9s; (s/r): 1200.0
2026-02-25T21:31:46,965  INFO Counter:70 WithinDayTravelTime: shrunk time bin size: 512
2026-02-25T21:31:47,593  INFO Counter:70 WithinDayTravelTime: enlarged time bin size: 1024
2026-02-25T21:31:47,974  INFO Counter:70 WithinDayTravelTime: shrunk time bin size: 1024
2026-02-25T21:31:49,462  INFO Counter:70 WithinDayTravelTime: shrunk time bin size: 2048
2026-02-25T21:31:49,516  INFO Counter:70 WithinDayTravelTime: enlarged time bin size: 2048
2026-02-25T21:31:50,054  INFO Counter:70 ParallelDuringActivityReplanner Thread0 replanned plans: 2
2026-02-25T21:31:53,351  INFO WithinDayTravelTime:442 WithinDayTravelTime at 09:00:00 #links=285
2026-02-25T21:31:53,352  INFO AbstractQNetsimEngine:359 SIMULATION (QNetsimEngine) AT 09:00:00 : #links=233 #nodes=86
2026-02-25T21:31:53,353  INFO QSim:551 SIMULATION (NEW QSim) AT 09:00:00 : #active agents=9980 lost=0 simT=14400.0s realT=15s; (s/r): 960.0
2026-02-25T21:31:54,098  INFO Counter:70 WithinDayTravelTime: shrunk time bin size: 4096
2026-02-25T21:31:54,284  INFO EventsManagerImpl:116  event # 262144
2026-02-25T21:31:55,947  INFO WithinDayTravelTime:442 WithinDayTravelTime at 10:00:00 #links=173
2026-02-25T21:31:55,949  INFO AbstractQNetsimEngine:359 SIMULATION (QNetsimEngine) AT 10:00:00 : #links=104 #nodes=38
2026-02-25T21:31:55,951  INFO QSim:551 SIMULATION (NEW QSim) AT 10:00:00 : #active agents=9843 lost=0 simT=18000.0s realT=18s; (s/r): 1000.0
2026-02-25T21:31:57,493  INFO WithinDayTravelTime:442 WithinDayTravelTime at 11:00:00 #links=153
2026-02-25T21:31:57,495  INFO AbstractQNetsimEngine:359 SIMULATION (QNetsimEngine) AT 11:00:00 : #links=79 #nodes=21
2026-02-25T21:31:57,495  INFO QSim:551 SIMULATION (NEW QSim) AT 11:00:00 : #active agents=9513 lost=0 simT=21600.0s realT=19s; (s/r): 1136.842105263158
2026-02-25T21:31:57,972  INFO Counter:70 ParallelDuringActivityReplanner Thread1 replanned plans: 2
2026-02-25T21:31:58,896  INFO WithinDayTravelTime:442 WithinDayTravelTime at 12:00:00 #links=118
2026-02-25T21:31:58,897  INFO AbstractQNetsimEngine:359 SIMULATION (QNetsimEngine) AT 12:00:00 : #links=63 #nodes=24
2026-02-25T21:31:58,898  INFO QSim:551 SIMULATION (NEW QSim) AT 12:00:00 : #active agents=9118 lost=0 simT=25200.0s realT=21s; (s/r): 1200.0
2026-02-25T21:32:00,375  INFO WithinDayTravelTime:442 WithinDayTravelTime at 13:00:00 #links=139
2026-02-25T21:32:00,390  INFO AbstractQNetsimEngine:359 SIMULATION (QNetsimEngine) AT 13:00:00 : #links=60 #nodes=10
2026-02-25T21:32:00,396  INFO QSim:551 SIMULATION (NEW QSim) AT 13:00:00 : #active agents=8743 lost=0 simT=28800.0s realT=22s; (s/r): 1309.090909090909
2026-02-25T21:32:00,674  INFO Counter:70 WithinDayTravelTime: enlarged time bin size: 4096
2026-02-25T21:32:01,603  INFO WithinDayTravelTime:442 WithinDayTravelTime at 14:00:00 #links=114
2026-02-25T21:32:01,604  INFO AbstractQNetsimEngine:359 SIMULATION (QNetsimEngine) AT 14:00:00 : #links=40 #nodes=9
2026-02-25T21:32:01,605  INFO QSim:551 SIMULATION (NEW QSim) AT 14:00:00 : #active agents=8361 lost=0 simT=32400.0s realT=23s; (s/r): 1408.695652173913
2026-02-25T21:32:02,851  INFO WithinDayTravelTime:442 WithinDayTravelTime at 15:00:00 #links=114
2026-02-25T21:32:02,852  INFO AbstractQNetsimEngine:359 SIMULATION (QNetsimEngine) AT 15:00:00 : #links=44 #nodes=14
2026-02-25T21:32:02,853  INFO QSim:551 SIMULATION (NEW QSim) AT 15:00:00 : #active agents=8025 lost=0 simT=36000.0s realT=25s; (s/r): 1440.0
2026-02-25T21:32:03,937  INFO WithinDayTravelTime:442 WithinDayTravelTime at 16:00:00 #links=103
2026-02-25T21:32:03,938  INFO AbstractQNetsimEngine:359 SIMULATION (QNetsimEngine) AT 16:00:00 : #links=43 #nodes=9
2026-02-25T21:32:03,939  INFO QSim:551 SIMULATION (NEW QSim) AT 16:00:00 : #active agents=7657 lost=0 simT=39600.0s realT=26s; (s/r): 1523.076923076923
2026-02-25T21:32:05,465  INFO WithinDayTravelTime:442 WithinDayTravelTime at 17:00:00 #links=246
2026-02-25T21:32:05,466  INFO AbstractQNetsimEngine:359 SIMULATION (QNetsimEngine) AT 17:00:00 : #links=137 #nodes=23
2026-02-25T21:32:05,467  INFO QSim:551 SIMULATION (NEW QSim) AT 17:00:00 : #active agents=6959 lost=0 simT=43200.0s realT=27s; (s/r): 1600.0
2026-02-25T21:32:08,525  INFO Counter:70 ParallelDuringActivityReplanner Thread0 replanned plans: 4
2026-02-25T21:32:09,268  INFO WithinDayTravelTime:442 WithinDayTravelTime at 18:00:00 #links=739
2026-02-25T21:32:09,269  INFO AbstractQNetsimEngine:359 SIMULATION (QNetsimEngine) AT 18:00:00 : #links=600 #nodes=121
2026-02-25T21:32:09,271  INFO QSim:551 SIMULATION (NEW QSim) AT 18:00:00 : #active agents=4379 lost=0 simT=46800.0s realT=31s; (s/r): 1509.6774193548388
2026-02-25T21:32:09,372  INFO Counter:70 WithinDayTravelTime: shrunk time bin size: 8192
2026-02-25T21:32:12,360  INFO WithinDayTravelTime:442 WithinDayTravelTime at 19:00:00 #links=200
2026-02-25T21:32:12,363  INFO AbstractQNetsimEngine:359 SIMULATION (QNetsimEngine) AT 19:00:00 : #links=158 #nodes=70
2026-02-25T21:32:12,368  INFO QSim:551 SIMULATION (NEW QSim) AT 19:00:00 : #active agents=2327 lost=0 simT=50400.0s realT=34s; (s/r): 1482.3529411764705
2026-02-25T21:32:13,852  INFO WithinDayTravelTime:442 WithinDayTravelTime at 20:00:00 #links=204
2026-02-25T21:32:13,853  INFO AbstractQNetsimEngine:359 SIMULATION (QNetsimEngine) AT 20:00:00 : #links=130 #nodes=58
2026-02-25T21:32:13,854  INFO QSim:551 SIMULATION (NEW QSim) AT 20:00:00 : #active agents=1791 lost=0 simT=54000.0s realT=36s; (s/r): 1500.0
2026-02-25T21:32:15,150  INFO WithinDayTravelTime:442 WithinDayTravelTime at 21:00:00 #links=129
2026-02-25T21:32:15,152  INFO AbstractQNetsimEngine:359 SIMULATION (QNetsimEngine) AT 21:00:00 : #links=89 #nodes=48
2026-02-25T21:32:15,153  INFO QSim:551 SIMULATION (NEW QSim) AT 21:00:00 : #active agents=1414 lost=0 simT=57600.0s realT=37s; (s/r): 1556.7567567567567
2026-02-25T21:32:16,350  INFO WithinDayTravelTime:442 WithinDayTravelTime at 22:00:00 #links=75
2026-02-25T21:32:16,352  INFO AbstractQNetsimEngine:359 SIMULATION (QNetsimEngine) AT 22:00:00 : #links=52 #nodes=41
2026-02-25T21:32:16,352  INFO QSim:551 SIMULATION (NEW QSim) AT 22:00:00 : #active agents=1087 lost=0 simT=61200.0s realT=38s; (s/r): 1610.5263157894738
2026-02-25T21:32:17,216  INFO WithinDayTravelTime:442 WithinDayTravelTime at 23:00:00 #links=46
2026-02-25T21:32:17,217  INFO AbstractQNetsimEngine:359 SIMULATION (QNetsimEngine) AT 23:00:00 : #links=40 #nodes=23
2026-02-25T21:32:17,218  INFO QSim:551 SIMULATION (NEW QSim) AT 23:00:00 : #active agents=1015 lost=0 simT=64800.0s realT=39s; (s/r): 1661.5384615384614
2026-02-25T21:32:18,228  INFO WithinDayTravelTime:442 WithinDayTravelTime at 24:00:00 #links=48
2026-02-25T21:32:18,228  INFO AbstractQNetsimEngine:359 SIMULATION (QNetsimEngine) AT 24:00:00 : #links=38 #nodes=21
2026-02-25T21:32:18,229  INFO QSim:551 SIMULATION (NEW QSim) AT 24:00:00 : #active agents=914 lost=0 simT=68400.0s realT=40s; (s/r): 1710.0
2026-02-25T21:32:19,131  INFO WithinDayTravelTime:442 WithinDayTravelTime at 25:00:00 #links=57
2026-02-25T21:32:19,132  INFO AbstractQNetsimEngine:359 SIMULATION (QNetsimEngine) AT 25:00:00 : #links=42 #nodes=23
2026-02-25T21:32:19,132  INFO QSim:551 SIMULATION (NEW QSim) AT 25:00:00 : #active agents=671 lost=0 simT=72000.0s realT=41s; (s/r): 1756.0975609756097
2026-02-25T21:32:20,207  INFO WithinDayTravelTime:442 WithinDayTravelTime at 26:00:00 #links=40
2026-02-25T21:32:20,209  INFO AbstractQNetsimEngine:359 SIMULATION (QNetsimEngine) AT 26:00:00 : #links=15 #nodes=6
2026-02-25T21:32:20,209  INFO QSim:551 SIMULATION (NEW QSim) AT 26:00:00 : #active agents=125 lost=0 simT=75600.0s realT=42s; (s/r): 1800.0
2026-02-25T21:32:20,870  INFO WithinDayTravelTime:442 WithinDayTravelTime at 27:00:00 #links=6
2026-02-25T21:32:20,871  INFO AbstractQNetsimEngine:359 SIMULATION (QNetsimEngine) AT 27:00:00 : #links=0 #nodes=0
2026-02-25T21:32:20,872  INFO QSim:551 SIMULATION (NEW QSim) AT 27:00:00 : #active agents=94 lost=0 simT=79200.0s realT=43s; (s/r): 1841.860465116279
2026-02-25T21:32:21,474  INFO WithinDayTravelTime:442 WithinDayTravelTime at 28:00:00 #links=6
2026-02-25T21:32:21,475  INFO AbstractQNetsimEngine:359 SIMULATION (QNetsimEngine) AT 28:00:00 : #links=0 #nodes=0
2026-02-25T21:32:21,475  INFO QSim:551 SIMULATION (NEW QSim) AT 28:00:00 : #active agents=94 lost=0 simT=82800.0s realT=43s; (s/r): 1925.5813953488373
2026-02-25T21:32:22,027  INFO MemoryObserver:43 used RAM: 245 MB  free: 50 MB  total: 296 MB  max: 2018 MB
2026-02-25T21:32:22,097  INFO WithinDayTravelTime:442 WithinDayTravelTime at 29:00:00 #links=4
2026-02-25T21:32:22,098  INFO AbstractQNetsimEngine:359 SIMULATION (QNetsimEngine) AT 29:00:00 : #links=0 #nodes=0
2026-02-25T21:32:22,099  INFO QSim:551 SIMULATION (NEW QSim) AT 29:00:00 : #active agents=94 lost=0 simT=86400.0s realT=44s; (s/r): 1963.6363636363637
2026-02-25T21:32:22,735  INFO WithinDayTravelTime:442 WithinDayTravelTime at 30:00:00 #links=2
2026-02-25T21:32:22,736  INFO AbstractQNetsimEngine:359 SIMULATION (QNetsimEngine) AT 30:00:00 : #links=0 #nodes=0
2026-02-25T21:32:22,737  INFO QSim:551 SIMULATION (NEW QSim) AT 30:00:00 : #active agents=94 lost=0 simT=90000.0s realT=44s; (s/r): 2045.4545454545455
2026-02-25T21:32:22,739  INFO Gbl:196 Thread performance: Thread=UpdateMeanTravelTimes1  cpu-time=3.25sec
2026-02-25T21:32:22,739  INFO Gbl:196 Thread performance: Thread=UpdateMeanTravelTimes0  cpu-time=3.109375sec
2026-02-25T21:32:22,782  INFO Gbl:196 Thread performance: Thread=class org.matsim.core.events.SimStepParallelEventsManagerImpl$ProcessEventsRunnable0  cpu-time=18.640625sec
2026-02-25T21:32:22,782  INFO Gbl:196 Thread performance: Thread=ParallelInitialReplanner1  cpu-time=0.0sec
2026-02-25T21:32:22,783  INFO Gbl:196 Thread performance: Thread=ParallelDuringActivityReplanner1  cpu-time=0.0625sec
2026-02-25T21:32:22,783  INFO Gbl:196 Thread performance: Thread=ParallelDuringLegReplanner1  cpu-time=0.0sec
2026-02-25T21:32:22,784  INFO Gbl:196 Thread performance: Thread=ParallelInitialReplanner0  cpu-time=0.0sec
2026-02-25T21:32:22,786  INFO AbstractController$9:237 ### ITERATION 0 fires after mobsim event
2026-02-25T21:32:22,786  INFO Gbl:196 Thread performance: Thread=ParallelDuringActivityReplanner0  cpu-time=0.15625sec
2026-02-25T21:32:22,786  INFO Gbl:196 Thread performance: Thread=ParallelDuringLegReplanner0  cpu-time=0.0sec
2026-02-25T21:32:22,800  INFO ControllerListenerManagerImpl:324 calling notifyAfterMobsim on org.matsim.analysis.LegTimesControllerListener with priority 0.0
2026-02-25T21:32:22,808  INFO LegTimesControllerListener:73 [0] average leg duration is: 981 seconds = 00:16:21
2026-02-25T21:32:22,811  INFO ControllerListenerManagerImpl:324 calling notifyAfterMobsim on org.matsim.core.events.MobsimScopeEventHandling with priority 0.0
2026-02-25T21:32:22,814  INFO ControllerListenerManagerImpl:324 calling notifyAfterMobsim on org.matsim.core.scoring.EventsToActivities$1 with priority 0.0
2026-02-25T21:32:22,890  INFO ControllerListenerManagerImpl:327 [it.0] all ControllerAfterMobsimListeners called.
2026-02-25T21:32:22,894  INFO AbstractController$4:162 ### ITERATION 0 fires scoring event
2026-02-25T21:32:22,897  INFO ControllerListenerManagerImpl:238 calling notifyScoring on org.matsim.core.scoring.PlansScoringImpl with priority 0.0
2026-02-25T21:32:22,969  INFO NewScoreAssignerImpl:60 it: 0 msaStart: null
2026-02-25T21:32:23,033  INFO ControllerListenerManagerImpl:250 [it.0] all ControllerScoringListeners called.
2026-02-25T21:32:23,046  INFO AbstractController$5:170 ### ITERATION 0 fires iteration end event
2026-02-25T21:32:23,054  INFO ControllerListenerManagerImpl:209 calling notifyIterationEnds on org.matsim.core.controler.corelisteners.EventsHandlingImpl with priority 0.0
2026-02-25T21:32:23,082  INFO EventsManagerImpl:164 removing Event-Handler: org.matsim.core.events.algorithms.EventWriterXML
2026-02-25T21:32:23,087  INFO EventsManagerImpl:164 removing Event-Handler: org.matsim.core.events.algorithms.EventWriterXML
2026-02-25T21:32:23,103  INFO ControllerListenerManagerImpl:209 calling notifyIterationEnds on org.matsim.core.scoring.PlansScoringImpl with priority 0.0
2026-02-25T21:32:23,131  INFO PopulationImpl:111  person # 1
2026-02-25T21:32:23,135  INFO PopulationImpl:111  person # 4
2026-02-25T21:32:23,146  INFO PopulationImpl:111  person # 16
2026-02-25T21:32:23,153  INFO PopulationImpl:111  person # 64
2026-02-25T21:32:23,163  INFO PopulationImpl:111  person # 256
2026-02-25T21:32:23,182  INFO PopulationImpl:111  person # 1024
2026-02-25T21:32:23,213  INFO PopulationImpl:111  person # 4096
2026-02-25T21:32:23,267  INFO Counter:70 [PopulationWriter] dumped person # 1
2026-02-25T21:32:23,268  WARN ObjectAttributesConverter:96 No AttributeConverter found for class org.matsim.api.core.v01.Id$IdImpl. Not all attribute values can be converted.
2026-02-25T21:32:23,292  WARN ObjectAttributesConverter:96 No AttributeConverter found for class org.matsim.api.core.v01.Id$IdImpl. Not all attribute values can be converted.
2026-02-25T21:32:23,292  INFO Counter:70 [PopulationWriter] dumped person # 2
2026-02-25T21:32:23,297  INFO Counter:70 [ParallelPopulationWriterV6] dumped person # 1
2026-02-25T21:32:23,300  INFO Counter:70 [ParallelPopulationWriterV6] dumped person # 2
2026-02-25T21:32:23,315  INFO Counter:70 [ParallelPopulationWriterV6] dumped person # 4
2026-02-25T21:32:23,315  INFO Counter:70 [PopulationWriter] dumped person # 4
2026-02-25T21:32:23,317  INFO Counter:70 [PopulationWriter] dumped person # 8
2026-02-25T21:32:23,320  INFO Counter:70 [PopulationWriter] dumped person # 16
2026-02-25T21:32:23,332  INFO Counter:70 [PopulationWriter] dumped person # 32
2026-02-25T21:32:23,344  INFO Counter:70 [PopulationWriter] dumped person # 64
2026-02-25T21:32:23,320  INFO Counter:70 [ParallelPopulationWriterV6] dumped person # 8
2026-02-25T21:32:23,363  INFO Counter:70 [ParallelPopulationWriterV6] dumped person # 16
2026-02-25T21:32:23,361  INFO Counter:70 [PopulationWriter] dumped person # 128
2026-02-25T21:32:23,377  INFO Counter:70 [PopulationWriter] dumped person # 256
2026-02-25T21:32:23,382  INFO Counter:70 [PopulationWriter] dumped person # 512
2026-02-25T21:32:23,385  INFO Counter:70 [PopulationWriter] dumped person # 1024
2026-02-25T21:32:23,380  INFO Counter:70 [ParallelPopulationWriterV6] dumped person # 32
2026-02-25T21:32:23,397  INFO Counter:70 [ParallelPopulationWriterV6] dumped person # 64
2026-02-25T21:32:23,492  INFO Counter:70 [ParallelPopulationWriterV6] dumped person # 128
2026-02-25T21:32:24,447  INFO Counter:70 [ParallelPopulationWriterV6] dumped person # 256
2026-02-25T21:32:24,775  INFO Counter:70 [ParallelPopulationWriterV6] dumped person # 512
2026-02-25T21:32:25,181  INFO Counter:70 [ParallelPopulationWriterV6] dumped person # 1024
2026-02-25T21:32:25,243  INFO Counter:70 [PopulationWriter] dumped person # 2048
2026-02-25T21:32:25,761  INFO Counter:70 [ParallelPopulationWriterV6] dumped person # 2048
2026-02-25T21:32:26,340  INFO Counter:70 [PopulationWriter] dumped person # 4096
2026-02-25T21:32:26,599  INFO Counter:70 [ParallelPopulationWriterV6] dumped person # 4096
2026-02-25T21:32:27,346  INFO Counter:70 [PopulationWriter] dumped person # 8192
2026-02-25T21:32:27,574  INFO Counter:70 [ParallelPopulationWriterV6] dumped person # 8192
2026-02-25T21:32:27,617  INFO Counter:75 [ParallelPopulationWriterV6] dumped person # 8385
2026-02-25T21:32:27,618  INFO PopulationWriter:150 Population written to: scenarios\sioux-falls\modified\output/ITERS/it.0/0.experienced_plans.xml.gz
2026-02-25T21:32:27,621  INFO Counter:75 [PopulationWriter] dumped person # 8385
2026-02-25T21:32:28,008  INFO ControllerListenerManagerImpl:217 calling notifyIterationEnds on org.matsim.counts.CountsControllerListener with priority 0.0
2026-02-25T21:32:28,010  INFO ControllerListenerManagerImpl:217 calling notifyIterationEnds on org.matsim.analysis.ModeChoiceCoverageControllerListener with priority 0.0
2026-02-25T21:32:28,257  INFO ModeChoiceCoverageControllerListener:144 -- mode choice coverage (1x) of mode bike = 0.08378056052474657
2026-02-25T21:32:28,258  INFO ModeChoiceCoverageControllerListener:144 -- mode choice coverage (1x) of mode car = 0.5896243291592129
2026-02-25T21:32:28,259  INFO ModeChoiceCoverageControllerListener:144 -- mode choice coverage (1x) of mode pedestrian = 0.04997018485390579
2026-02-25T21:32:28,259  INFO ModeChoiceCoverageControllerListener:144 -- mode choice coverage (1x) of mode pt = 0.25480023852116873
2026-02-25T21:32:28,260  INFO ModeChoiceCoverageControllerListener:144 -- mode choice coverage (1x) of mode walk = 0.02182468694096601
2026-02-25T21:32:28,261  INFO ModeChoiceCoverageControllerListener:144 -- mode choice coverage (5x) of mode bike = 0.0
2026-02-25T21:32:28,262  INFO ModeChoiceCoverageControllerListener:144 -- mode choice coverage (5x) of mode car = 0.0
2026-02-25T21:32:28,263  INFO ModeChoiceCoverageControllerListener:144 -- mode choice coverage (5x) of mode pedestrian = 0.0
2026-02-25T21:32:28,263  INFO ModeChoiceCoverageControllerListener:144 -- mode choice coverage (5x) of mode pt = 0.0
2026-02-25T21:32:28,265  INFO ModeChoiceCoverageControllerListener:144 -- mode choice coverage (5x) of mode walk = 0.0
2026-02-25T21:32:28,266  INFO ModeChoiceCoverageControllerListener:144 -- mode choice coverage (10x) of mode bike = 0.0
2026-02-25T21:32:28,267  INFO ModeChoiceCoverageControllerListener:144 -- mode choice coverage (10x) of mode car = 0.0
2026-02-25T21:32:28,268  INFO ModeChoiceCoverageControllerListener:144 -- mode choice coverage (10x) of mode pedestrian = 0.0
2026-02-25T21:32:28,268  INFO ModeChoiceCoverageControllerListener:144 -- mode choice coverage (10x) of mode pt = 0.0
2026-02-25T21:32:28,269  INFO ModeChoiceCoverageControllerListener:144 -- mode choice coverage (10x) of mode walk = 0.0
2026-02-25T21:32:28,275  INFO ControllerListenerManagerImpl:217 calling notifyIterationEnds on org.matsim.analysis.ModeStatsControllerListener with priority 0.0
2026-02-25T21:32:28,330  INFO ModeStatsControllerListener:132 Mode shares over all 16770.0 trips found. MainModeIdentifier: class org.matsim.core.router.DefaultAnalysisMainModeIdentifier
2026-02-25T21:32:28,331  INFO ModeStatsControllerListener:139 -- mode share of mode bike = 0.08378056052474657
2026-02-25T21:32:28,332  INFO ModeStatsControllerListener:139 -- mode share of mode car = 0.5896243291592129
2026-02-25T21:32:28,332  INFO ModeStatsControllerListener:139 -- mode share of mode pedestrian = 0.04997018485390579
2026-02-25T21:32:28,333  INFO ModeStatsControllerListener:139 -- mode share of mode pt = 0.25480023852116873
2026-02-25T21:32:28,333  INFO ModeStatsControllerListener:139 -- mode share of mode walk = 0.02182468694096601
2026-02-25T21:32:28,335  INFO ControllerListenerManagerImpl:217 calling notifyIterationEnds on org.matsim.analysis.ScoreStatsControlerListener with priority 0.0
2026-02-25T21:32:28,350  INFO ScoreStatsControlerListener:154 -- avg. score of the executed plan of each agent: 460.99755211406637
2026-02-25T21:32:28,352  INFO ScoreStatsControlerListener:155 -- avg. score of the worst plan of each agent: 460.99755211406637
2026-02-25T21:32:28,354  INFO ScoreStatsControlerListener:156 -- avg. of the avg. plan score per agent: 460.99755211406637
2026-02-25T21:32:28,355  INFO ScoreStatsControlerListener:157 -- avg. score of the best plan of each agent: 460.99755211406637
2026-02-25T21:32:28,372  INFO ControllerListenerManagerImpl:217 calling notifyIterationEnds on org.matsim.analysis.IterationTravelStatsControllerListener with priority 0.0
2026-02-25T21:32:28,528  INFO TravelDistanceStats:115 -- average leg distance per plan (executed plans only): 1226.9290458488078 meters
2026-02-25T21:32:28,542  INFO TravelDistanceStats:116 average leg distance per Person (executed plans only): 7498.533796489924 meters (statistic on all 51246 legs which have a finite distance)
2026-02-25T21:32:28,546  INFO TravelDistanceStats:117 -- average trip distance per plan (executed plans only): 3757.1884549798747 meters
2026-02-25T21:32:28,549  INFO TravelDistanceStats:118 average trip distance per Person (executed plans only): 7468.672291902749 meters (statistic on all 16668 trips which have a finite distance)
2026-02-25T21:32:28,555  INFO TravelDistanceStats:119 (TravelDistanceStats takes an average over all legs where the simulation reports travelled (network) distances
2026-02-25T21:32:28,557  INFO TravelDistanceStats:120 (and teleported legs whose route contains a distance.)
2026-02-25T21:32:32,703  INFO ActivityWriter:39 Writing all Activities to activitiescsv
2026-02-25T21:32:33,355  INFO ActivityWriter:59 ...done
2026-02-25T21:32:33,356  INFO ControllerListenerManagerImpl:217 calling notifyIterationEnds on org.matsim.analysis.LegTimesControllerListener with priority 0.0
2026-02-25T21:32:33,357  INFO EventsManagerImpl:164 removing Event-Handler: org.matsim.analysis.CalcLegTimes
2026-02-25T21:32:33,359  INFO EventsManagerImpl:164 removing Event-Handler: org.matsim.analysis.CalcLegTimes
2026-02-25T21:32:33,359  INFO ControllerListenerManagerImpl:217 calling notifyIterationEnds on org.matsim.analysis.LegHistogramListener with priority 0.0
2026-02-25T21:32:33,393  INFO LegHistogramListener:79 number of legs:	51340	100%
2026-02-25T21:32:33,403  INFO LegHistogramListener:86 number of bike legs:	1407	2.740553174912349%
2026-02-25T21:32:33,404  INFO LegHistogramListener:86 number of car legs:	9888	19.25983638488508%
2026-02-25T21:32:33,407  INFO LegHistogramListener:86 number of pedestrian legs:	840	1.6361511492014025%
2026-02-25T21:32:33,414  INFO LegHistogramListener:86 number of pt legs:	5201	10.130502532138683%
2026-02-25T21:32:33,414  INFO LegHistogramListener:86 number of walk legs:	34004	66.23295675886249%
2026-02-25T21:32:35,474  INFO EventsManagerImpl:164 removing Event-Handler: org.matsim.analysis.LegHistogram
2026-02-25T21:32:35,559  INFO EventsManagerImpl:164 removing Event-Handler: org.matsim.analysis.LegHistogram
2026-02-25T21:32:35,601  INFO ControllerListenerManagerImpl:217 calling notifyIterationEnds on org.matsim.analysis.LinkStatsControllerListener with priority 0.0
2026-02-25T21:32:35,628  INFO ControllerListenerManagerImpl:221 [it.0] all ControllerIterationEndsListeners called.
2026-02-25T21:32:35,832  INFO AbstractController:184 ### ITERATION 0 ENDS
2026-02-25T21:32:35,832  INFO AbstractController:185 ###################################################
2026-02-25T21:32:35,833  INFO MatsimRuntimeModifications:81 S H U T D O W N   ---   start shutdown.
2026-02-25T21:32:35,835  INFO ControllerListenerManagerImpl:155 calling notifyShutdown on org.matsim.core.controler.corelisteners.EventsHandlingImpl with priority 0.0
2026-02-25T21:32:35,836  INFO ControllerListenerManagerImpl:155 calling notifyShutdown on org.matsim.core.controler.corelisteners.DumpDataAtEndImpl with priority 0.0
2026-02-25T21:32:35,844  INFO Counter:70 [PopulationWriter] dumped person # 1
2026-02-25T21:32:35,845  INFO Counter:70 [ParallelPopulationWriterV6] dumped person # 1
2026-02-25T21:32:35,846  INFO Counter:70 [PopulationWriter] dumped person # 2
2026-02-25T21:32:35,846  INFO Counter:70 [ParallelPopulationWriterV6] dumped person # 2
2026-02-25T21:32:35,847  INFO Counter:70 [PopulationWriter] dumped person # 4
2026-02-25T21:32:35,850  INFO Counter:70 [ParallelPopulationWriterV6] dumped person # 4
2026-02-25T21:32:35,851  INFO Counter:70 [PopulationWriter] dumped person # 8
2026-02-25T21:32:35,853  INFO Counter:70 [PopulationWriter] dumped person # 16
2026-02-25T21:32:35,854  INFO Counter:70 [ParallelPopulationWriterV6] dumped person # 8
2026-02-25T21:32:35,855  INFO Counter:70 [PopulationWriter] dumped person # 32
2026-02-25T21:32:35,858  INFO Counter:70 [PopulationWriter] dumped person # 64
2026-02-25T21:32:35,858  INFO Counter:70 [ParallelPopulationWriterV6] dumped person # 16
2026-02-25T21:32:35,863  INFO Counter:70 [PopulationWriter] dumped person # 128
2026-02-25T21:32:35,865  INFO Counter:70 [PopulationWriter] dumped person # 256
2026-02-25T21:32:35,873  INFO Counter:70 [PopulationWriter] dumped person # 512
2026-02-25T21:32:35,875  INFO Counter:70 [PopulationWriter] dumped person # 1024
2026-02-25T21:32:35,869  INFO Counter:70 [ParallelPopulationWriterV6] dumped person # 32
2026-02-25T21:32:35,883  INFO Counter:70 [ParallelPopulationWriterV6] dumped person # 64
2026-02-25T21:32:35,906  INFO Counter:70 [ParallelPopulationWriterV6] dumped person # 128
2026-02-25T21:32:35,935  INFO Counter:70 [ParallelPopulationWriterV6] dumped person # 256
2026-02-25T21:32:35,979  INFO Counter:70 [ParallelPopulationWriterV6] dumped person # 512
2026-02-25T21:32:36,071  INFO Counter:70 [ParallelPopulationWriterV6] dumped person # 1024
2026-02-25T21:32:36,076  INFO Counter:70 [PopulationWriter] dumped person # 2048
2026-02-25T21:32:36,246  INFO Counter:70 [ParallelPopulationWriterV6] dumped person # 2048
2026-02-25T21:32:36,494  INFO Counter:70 [PopulationWriter] dumped person # 4096
2026-02-25T21:32:36,681  INFO Counter:70 [ParallelPopulationWriterV6] dumped person # 4096
2026-02-25T21:32:37,210  INFO Counter:70 [PopulationWriter] dumped person # 8192
2026-02-25T21:32:37,362  INFO Counter:70 [ParallelPopulationWriterV6] dumped person # 8192
2026-02-25T21:32:37,390  INFO Counter:75 [ParallelPopulationWriterV6] dumped person # 8385
2026-02-25T21:32:37,391  INFO PopulationWriter:150 Population written to: scenarios\sioux-falls\modified\output/output_plans.xml.gz
2026-02-25T21:32:37,393  INFO Counter:75 [PopulationWriter] dumped person # 8385
2026-02-25T21:32:37,396  INFO NetworkWriter:70 Writing network to file: scenarios\sioux-falls\modified\output/output_network.xml.gz...
2026-02-25T21:32:37,593  INFO NetworkWriter:73 done.
2026-02-25T21:32:37,614  INFO Config:468 setting context to [file:/E:/MyFolder/Upskill/MatSIM/matsim-siouxfalls/]
2026-02-25T21:32:37,626  INFO Config:468 setting context to [file:/E:/MyFolder/Upskill/MatSIM/matsim-siouxfalls/]
2026-02-25T21:32:37,644  INFO Config:468 setting context to [file:/E:/MyFolder/Upskill/MatSIM/matsim-siouxfalls/]
2026-02-25T21:32:37,661  INFO Config:468 setting context to [file:/E:/MyFolder/Upskill/MatSIM/matsim-siouxfalls/]
2026-02-25T21:32:37,675  INFO Config:468 setting context to [file:/E:/MyFolder/Upskill/MatSIM/matsim-siouxfalls/]
2026-02-25T21:32:37,694  INFO Config:468 setting context to [file:/E:/MyFolder/Upskill/MatSIM/matsim-siouxfalls/]
2026-02-25T21:32:37,699  INFO Config:468 setting context to [file:/E:/MyFolder/Upskill/MatSIM/matsim-siouxfalls/]
2026-02-25T21:32:37,704  INFO Config:468 setting context to [file:/E:/MyFolder/Upskill/MatSIM/matsim-siouxfalls/]
2026-02-25T21:32:37,713  INFO Config:468 setting context to [file:/E:/MyFolder/Upskill/MatSIM/matsim-siouxfalls/]
2026-02-25T21:32:37,719  INFO Config:468 setting context to [file:/E:/MyFolder/Upskill/MatSIM/matsim-siouxfalls/]
2026-02-25T21:32:37,727  INFO Config:468 setting context to [file:/E:/MyFolder/Upskill/MatSIM/matsim-siouxfalls/]
2026-02-25T21:32:37,735  INFO Config:468 setting context to [file:/E:/MyFolder/Upskill/MatSIM/matsim-siouxfalls/]
2026-02-25T21:32:37,749  INFO Config:468 setting context to [file:/E:/MyFolder/Upskill/MatSIM/matsim-siouxfalls/]
2026-02-25T21:32:37,753  INFO Config:468 setting context to [file:/E:/MyFolder/Upskill/MatSIM/matsim-siouxfalls/]
2026-02-25T21:32:37,766  INFO Config:468 setting context to [file:/E:/MyFolder/Upskill/MatSIM/matsim-siouxfalls/]
2026-02-25T21:32:37,797  INFO Config:468 setting context to [file:/E:/MyFolder/Upskill/MatSIM/matsim-siouxfalls/]
2026-02-25T21:32:37,824  INFO Config:468 setting context to [file:/E:/MyFolder/Upskill/MatSIM/matsim-siouxfalls/]
2026-02-25T21:32:37,834  INFO Config:468 setting context to [file:/E:/MyFolder/Upskill/MatSIM/matsim-siouxfalls/]
2026-02-25T21:32:37,839  INFO Config:468 setting context to [file:/E:/MyFolder/Upskill/MatSIM/matsim-siouxfalls/]
2026-02-25T21:32:37,849  INFO Config:468 setting context to [file:/E:/MyFolder/Upskill/MatSIM/matsim-siouxfalls/]
2026-02-25T21:32:37,895  INFO Config:468 setting context to [file:/E:/MyFolder/Upskill/MatSIM/matsim-siouxfalls/]
2026-02-25T21:32:37,899  INFO Config:468 setting context to [file:/E:/MyFolder/Upskill/MatSIM/matsim-siouxfalls/]
2026-02-25T21:32:37,902  INFO Config:468 setting context to [file:/E:/MyFolder/Upskill/MatSIM/matsim-siouxfalls/]
2026-02-25T21:32:37,909  INFO Config:468 setting context to [file:/E:/MyFolder/Upskill/MatSIM/matsim-siouxfalls/]
2026-02-25T21:32:37,916  INFO Config:468 setting context to [file:/E:/MyFolder/Upskill/MatSIM/matsim-siouxfalls/]
2026-02-25T21:32:37,932  INFO Config:468 setting context to [file:/E:/MyFolder/Upskill/MatSIM/matsim-siouxfalls/]
2026-02-25T21:32:37,935  INFO Config:468 setting context to [file:/E:/MyFolder/Upskill/MatSIM/matsim-siouxfalls/]
2026-02-25T21:32:37,942  INFO Config:468 setting context to [file:/E:/MyFolder/Upskill/MatSIM/matsim-siouxfalls/]
2026-02-25T21:32:38,991  INFO TransitScheduleWriter:89 about to write transit schedule to: scenarios\sioux-falls\modified\output/output_transitSchedule.xml.gz
2026-02-25T21:32:39,053  INFO MatsimVehicleWriter:49 about to write vehicles to: scenarios\sioux-falls\modified\output/output_transitVehicles.xml.gz
2026-02-25T21:32:39,055  INFO VehicleWriterV2:64 about to write vehicles to: scenarios\sioux-falls\modified\output/output_transitVehicles.xml.gz
2026-02-25T21:32:39,122  INFO MatsimVehicleWriter:49 about to write vehicles to: scenarios\sioux-falls\modified\output/output_vehicles.xml.gz
2026-02-25T21:32:39,133  INFO VehicleWriterV2:64 about to write vehicles to: scenarios\sioux-falls\modified\output/output_vehicles.xml.gz
2026-02-25T21:32:39,393  INFO MatsimVehicleWriter:49 about to write vehicles to: scenarios\sioux-falls\modified\output/output_allVehicles.xml.gz
2026-02-25T21:32:39,395  INFO VehicleWriterV2:64 about to write vehicles to: scenarios\sioux-falls\modified\output/output_allVehicles.xml.gz
2026-02-25T21:32:39,445  INFO HouseholdsWriterV10:68 about to write  households to: scenarios\sioux-falls\modified\output/output_households.xml.gz
2026-02-25T21:32:39,447  INFO Counter:75 [HouseholdsWriter] wrote household # 0
2026-02-25T21:32:39,451  INFO CountsWriterV2:45 Write Counts to scenarios\sioux-falls\modified\output/output_counts.xml.gz
2026-02-25T21:32:39,509  INFO ControllerListenerManagerImpl:162 calling notifyShutdown on org.matsim.analysis.ModeChoiceCoverageControllerListener with priority 0.0
2026-02-25T21:32:39,518  INFO ControllerListenerManagerImpl:162 calling notifyShutdown on org.matsim.analysis.ScoreStatsControlerListener with priority 0.0
2026-02-25T21:32:39,522  INFO ControllerListenerManagerImpl:162 calling notifyShutdown on org.matsim.analysis.IterationTravelStatsControllerListener with priority 0.0
2026-02-25T21:32:39,528  INFO PersonWriter:36 Writing all Persons to personscsv
2026-02-25T21:32:39,872  INFO PersonWriter:54 ...done
2026-02-25T21:32:39,877  INFO ControllerListenerManagerImpl:162 calling notifyShutdown on org.matsim.analysis.LinkStatsControllerListener with priority 0.0
2026-02-25T21:32:40,322  INFO ControllerListenerManagerImpl:165 all ControlerShutdownListeners called.
2026-02-25T21:32:40,325  INFO MatsimRuntimeModifications:104 S H U T D O W N   ---   shutdown completed.
2026-02-25T21:32:40,338  INFO OutputDirectoryLogging:173 closing the logfile, i.e. messages sent to the logger after this message are not written to the logfile.
